Archive member included to satisfy reference by file (symbol)

C:/ST/STM32CubeIDE_1.13.1/STM32CubeIDE/plugins/com.st.stm32cube.ide.mcu.externaltools.gnu-tools-for-stm32.13.3.rel1.win32_1.0.0.202411081344/tools/bin/../lib/gcc/arm-none-eabi/13.3.1/../../../../arm-none-eabi/lib/thumb/v6-m/nofp\libc_nano.a(libc_a-exit.o)
                              C:/ST/STM32CubeIDE_1.13.1/STM32CubeIDE/plugins/com.st.stm32cube.ide.mcu.externaltools.gnu-tools-for-stm32.13.3.rel1.win32_1.0.0.202411081344/tools/bin/../lib/gcc/arm-none-eabi/13.3.1/../../../../arm-none-eabi/lib/thumb/v6-m/nofp/crt0.o (exit)
C:/ST/STM32CubeIDE_1.13.1/STM32CubeIDE/plugins/com.st.stm32cube.ide.mcu.externaltools.gnu-tools-for-stm32.13.3.rel1.win32_1.0.0.202411081344/tools/bin/../lib/gcc/arm-none-eabi/13.3.1/../../../../arm-none-eabi/lib/thumb/v6-m/nofp\libc_nano.a(libc_a-findfp.o)
                              C:/ST/STM32CubeIDE_1.13.1/STM32CubeIDE/plugins/com.st.stm32cube.ide.mcu.externaltools.gnu-tools-for-stm32.13.3.rel1.win32_1.0.0.202411081344/tools/bin/../lib/gcc/arm-none-eabi/13.3.1/../../../../arm-none-eabi/lib/thumb/v6-m/nofp\libc_nano.a(libc_a-exit.o) (__stdio_exit_handler)
C:/ST/STM32CubeIDE_1.13.1/STM32CubeIDE/plugins/com.st.stm32cube.ide.mcu.externaltools.gnu-tools-for-stm32.13.3.rel1.win32_1.0.0.202411081344/tools/bin/../lib/gcc/arm-none-eabi/13.3.1/../../../../arm-none-eabi/lib/thumb/v6-m/nofp\libc_nano.a(libc_a-fwalk.o)
                              C:/ST/STM32CubeIDE_1.13.1/STM32CubeIDE/plugins/com.st.stm32cube.ide.mcu.externaltools.gnu-tools-for-stm32.13.3.rel1.win32_1.0.0.202411081344/tools/bin/../lib/gcc/arm-none-eabi/13.3.1/../../../../arm-none-eabi/lib/thumb/v6-m/nofp\libc_nano.a(libc_a-findfp.o) (_fwalk_sglue)
C:/ST/STM32CubeIDE_1.13.1/STM32CubeIDE/plugins/com.st.stm32cube.ide.mcu.externaltools.gnu-tools-for-stm32.13.3.rel1.win32_1.0.0.202411081344/tools/bin/../lib/gcc/arm-none-eabi/13.3.1/../../../../arm-none-eabi/lib/thumb/v6-m/nofp\libc_nano.a(libc_a-stdio.o)
                              C:/ST/STM32CubeIDE_1.13.1/STM32CubeIDE/plugins/com.st.stm32cube.ide.mcu.externaltools.gnu-tools-for-stm32.13.3.rel1.win32_1.0.0.202411081344/tools/bin/../lib/gcc/arm-none-eabi/13.3.1/../../../../arm-none-eabi/lib/thumb/v6-m/nofp\libc_nano.a(libc_a-findfp.o) (__sread)
C:/ST/STM32CubeIDE_1.13.1/STM32CubeIDE/plugins/com.st.stm32cube.ide.mcu.externaltools.gnu-tools-for-stm32.13.3.rel1.win32_1.0.0.202411081344/tools/bin/../lib/gcc/arm-none-eabi/13.3.1/../../../../arm-none-eabi/lib/thumb/v6-m/nofp\libc_nano.a(libc_a-memset.o)
                              C:/ST/STM32CubeIDE_1.13.1/STM32CubeIDE/plugins/com.st.stm32cube.ide.mcu.externaltools.gnu-tools-for-stm32.13.3.rel1.win32_1.0.0.202411081344/tools/bin/../lib/gcc/arm-none-eabi/13.3.1/../../../../arm-none-eabi/lib/thumb/v6-m/nofp/crt0.o (memset)
C:/ST/STM32CubeIDE_1.13.1/STM32CubeIDE/plugins/com.st.stm32cube.ide.mcu.externaltools.gnu-tools-for-stm32.13.3.rel1.win32_1.0.0.202411081344/tools/bin/../lib/gcc/arm-none-eabi/13.3.1/../../../../arm-none-eabi/lib/thumb/v6-m/nofp\libc_nano.a(libc_a-closer.o)
                              C:/ST/STM32CubeIDE_1.13.1/STM32CubeIDE/plugins/com.st.stm32cube.ide.mcu.externaltools.gnu-tools-for-stm32.13.3.rel1.win32_1.0.0.202411081344/tools/bin/../lib/gcc/arm-none-eabi/13.3.1/../../../../arm-none-eabi/lib/thumb/v6-m/nofp\libc_nano.a(libc_a-stdio.o) (_close_r)
C:/ST/STM32CubeIDE_1.13.1/STM32CubeIDE/plugins/com.st.stm32cube.ide.mcu.externaltools.gnu-tools-for-stm32.13.3.rel1.win32_1.0.0.202411081344/tools/bin/../lib/gcc/arm-none-eabi/13.3.1/../../../../arm-none-eabi/lib/thumb/v6-m/nofp\libc_nano.a(libc_a-reent.o)
                              C:/ST/STM32CubeIDE_1.13.1/STM32CubeIDE/plugins/com.st.stm32cube.ide.mcu.externaltools.gnu-tools-for-stm32.13.3.rel1.win32_1.0.0.202411081344/tools/bin/../lib/gcc/arm-none-eabi/13.3.1/../../../../arm-none-eabi/lib/thumb/v6-m/nofp\libc_nano.a(libc_a-closer.o) (errno)
C:/ST/STM32CubeIDE_1.13.1/STM32CubeIDE/plugins/com.st.stm32cube.ide.mcu.externaltools.gnu-tools-for-stm32.13.3.rel1.win32_1.0.0.202411081344/tools/bin/../lib/gcc/arm-none-eabi/13.3.1/../../../../arm-none-eabi/lib/thumb/v6-m/nofp\libc_nano.a(libc_a-impure.o)
                              C:/ST/STM32CubeIDE_1.13.1/STM32CubeIDE/plugins/com.st.stm32cube.ide.mcu.externaltools.gnu-tools-for-stm32.13.3.rel1.win32_1.0.0.202411081344/tools/bin/../lib/gcc/arm-none-eabi/13.3.1/../../../../arm-none-eabi/lib/thumb/v6-m/nofp\libc_nano.a(libc_a-reent.o) (_impure_ptr)
C:/ST/STM32CubeIDE_1.13.1/STM32CubeIDE/plugins/com.st.stm32cube.ide.mcu.externaltools.gnu-tools-for-stm32.13.3.rel1.win32_1.0.0.202411081344/tools/bin/../lib/gcc/arm-none-eabi/13.3.1/../../../../arm-none-eabi/lib/thumb/v6-m/nofp\libc_nano.a(libc_a-lseekr.o)
[...]
Memory Configuration

Name             Origin             Length             Attributes
RAM              0x20000000         0x00003000         xrw
FLASH            0x08000000         0x00010000         xr
*default*        0x00000000         0xffffffff

Linker script and memory map

LOAD C:/ST/STM32CubeIDE_1.13.1/STM32CubeIDE/plugins/com.st.stm32cube.ide.mcu.externaltools.gnu-tools-for-stm32.13.3.rel1.win32_1.0.0.202411081344/tools/bin/../lib/gcc/arm-none-eabi/13.3.1/thumb/v6-m/nofp/crti.o
LOAD C:/ST/STM32CubeIDE_1.13.1/STM32CubeIDE/plugins/com.st.stm32cube.ide.mcu.externaltools.gnu-tools-for-stm32.13.3.rel1.win32_1.0.0.202411081344/tools/bin/../lib/gcc/arm-none-eabi/13.3.1/thumb/v6-m/nofp/crtbegin.o
LOAD C:/ST/STM32CubeIDE_1.13.1/STM32CubeIDE/plugins/com.st.stm32cube.ide.mcu.externaltools.gnu-tools-for-stm32.13.3.rel1.win32_1.0.0.202411081344/tools/bin/../lib/gcc/arm-none-eabi/13.3.1/../../../../arm-none-eabi/lib/thumb/v6-m/nofp/crt0.o
LOAD ./Core/Src/acc_sensor.o
LOAD ./Core/Src/bq2568.o
LOAD ./Core/Src/i2c_slave.o
LOAD ./Core/Src/ir_sensor.o
LOAD ./Core/Src/ism330dhcx.o
LOAD ./Core/Src/ism330dhcx_reg.o
LOAD ./Core/Src/main.o
LOAD ./Core/Src/protocol.o
LOAD ./Core/Src/rtc.o
LOAD ./Core/Src/sths34pf80_reg.o
LOAD ./Core/Src/stm32u0xx_hal_msp.o
LOAD ./Core/Src/stm32u0xx_it.o
LOAD ./Core/Src/syscalls.o
LOAD ./Core/Src/sysmem.o
LOAD ./Core/Src/system_stm32u0xx.o
LOAD ./Core/Src/ublox.o
LOAD ./Core/Startup/startup_stm32u031c8ux.o
LOAD ./Drivers/STM32U0xx_HAL_Driver/stm32u0xx_hal.o
LOAD ./Drivers/STM32U0xx_HAL_Driver/stm32u0xx_hal_cortex.o
LOAD ./Drivers/STM32U0xx_HAL_Driver/stm32u0xx_hal_dma.o
LOAD ./Drivers/STM32U0xx_HAL_Driver/stm32u0xx_hal_dma_ex.o
LOAD ./Drivers/STM32U0xx_HAL_Driver/stm32u0xx_hal_exti.o
LOAD ./Drivers/STM32U0xx_HAL_Driver/stm32u0xx_hal_flash.o
LOAD ./Drivers/STM32U0xx_HAL_Driver/stm32u0xx_hal_flash_ex.o
LOAD ./Drivers/STM32U0xx_HAL_Driver/stm32u0xx_hal_gpio.o
LOAD ./Drivers/STM32U0xx_HAL_Driver/stm32u0xx_hal_i2c.o
LOAD ./Drivers/STM32U0xx_HAL_Driver/stm32u0xx_hal_i2c_ex.o
LOAD ./Drivers/STM32U0xx_HAL_Driver/stm32u0xx_hal_pwr.o
LOAD ./Drivers/STM32U0xx_HAL_Driver/stm32u0xx_hal_pwr_ex.o
LOAD ./Drivers/STM32U0xx_HAL_Driver/stm32u0xx_hal_rcc.o
LOAD ./Drivers/STM32U0xx_HAL_Driver/stm32u0xx_hal_rcc_ex.o
LOAD ./Drivers/STM32U0xx_HAL_Driver/stm32u0xx_hal_rtc.o
LOAD ./Drivers/STM32U0xx_HAL_Driver/stm32u0xx_hal_rtc_ex.o
LOAD ./Drivers/STM32U0xx_HAL_Driver/stm32u0xx_hal_uart.o
LOAD ./Drivers/STM32U0xx_HAL_Driver/stm32u0xx_hal_uart_ex.o
LOAD ./Drivers/STM32U0xx_HAL_Driver/stm32u0xx_ll_i2c.o
START GROUP
LOAD C:/ST/STM32CubeIDE_1.13.1/STM32CubeIDE/plugins/com.st.stm32cube.ide.mcu.externaltools.gnu-tools-for-stm32.13.3.rel1.win32_1.0.0.202411081344/tools/bin/../lib/gcc/arm-none-eabi/13.3.1/../../../../arm-none-eabi/lib/thumb/v6-m/nofp\libc_nano.a
LOAD C:/ST/STM32CubeIDE_1.13.1/STM32CubeIDE/plugins/com.st.stm32cube.ide.mcu.externaltools.gnu-tools-for-stm32.13.3.rel1.win32_1.0.0.202411081344/tools/bin/../lib/gcc/arm-none-eabi/13.3.1/../../../../arm-none-eabi/lib/thumb/v6-m/nofp\libm.a
END GROUP
START GROUP
LOAD C:/ST/STM32CubeIDE_1.13.1/STM32CubeIDE/plugins/com.st.stm32cube.ide.mcu.externaltools.gnu-tools-for-stm32.13.3.rel1.win32_1.0.0.202411081344/tools/bin/../lib/gcc/arm-none-eabi/13.3.1/thumb/v6-m/nofp\libgcc.a
LOAD C:/ST/STM32CubeIDE_1.13.1/STM32CubeIDE/plugins/com.st.stm32cube.ide.mcu.externaltools.gnu-tools-for-stm32.13.3.rel1.win32_1.0.0.202411081344/tools/bin/../lib/gcc/arm-none-eabi/13.3.1/../../../../arm-none-eabi/lib/thumb/v6-m/nofp\libc_nano.a
END GROUP
START GROUP
LOAD C:/ST/STM32CubeIDE_1.13.1/STM32CubeIDE/plugins/com.st.stm32cube.ide.mcu.externaltools.gnu-tools-for-stm32.13.3.rel1.win32_1.0.0.202411081344/tools/bin/../lib/gcc/arm-none-eabi/13.3.1/thumb/v6-m/nofp\libgcc.a
LOAD C:/ST/STM32CubeIDE_1.13.1/STM32CubeIDE/plugins/com.st.stm32cube.ide.mcu.externaltools.gnu-tools-for-stm32.13.3.rel1.win32_1.0.0.202411081344/tools/bin/../lib/gcc/arm-none-eabi/13.3.1/../../../../arm-none-eabi/lib/thumb/v6-m/nofp\libc_nano.a
LOAD C:/ST/STM32CubeIDE_1.13.1/STM32CubeIDE/plugins/com.st.stm32cube.ide.mcu.externaltools.gnu-tools-for-stm32.13.3.rel1.win32_1.0.0.202411081344/tools/bin/../lib/gcc/arm-none-eabi/13.3.1/../../../../arm-none-eabi/lib/thumb/v6-m/nofp\libnosys.a
END GROUP
START GROUP
LOAD C:/ST/STM32CubeIDE_1.13.1/STM32CubeIDE/plugins/com.st.stm32cube.ide.mcu.externaltools.gnu-tools-for-stm32.13.3.rel1.win32_1.0.0.202411081344/tools/bin/../lib/gcc/arm-none-eabi/13.3.1/thumb/v6-m/nofp\libgcc.a
LOAD C:/ST/STM32CubeIDE_1.13.1/STM32CubeIDE/plugins/com.st.stm32cube.ide.mcu.externaltools.gnu-tools-for-stm32.13.3.rel1.win32_1.0.0.202411081344/tools/bin/../lib/gcc/arm-none-eabi/13.3.1/../../../../arm-none-eabi/lib/thumb/v6-m/nofp\libc_nano.a
LOAD C:/ST/STM32CubeIDE_1.13.1/STM32CubeIDE/plugins/com.st.stm32cube.ide.mcu.externaltools.gnu-tools-for-stm32.13.3.rel1.win32_1.0.0.202411081344/tools/bin/../lib/gcc/arm-none-eabi/13.3.1/../../../../arm-none-eabi/lib/thumb/v6-m/nofp\libnosys.a
END GROUP
LOAD C:/ST/STM32CubeIDE_1.13.1/STM32CubeIDE/plugins/com.st.stm32cube.ide.mcu.externaltools.gnu-tools-for-stm32.13.3.rel1.win32_1.0.0.202411081344/tools/bin/../lib/gcc/arm-none-eabi/13.3.1/thumb/v6-m/nofp/crtend.o
LOAD C:/ST/STM32CubeIDE_1.13.1/STM32CubeIDE/plugins/com.st.stm32cube.ide.mcu.externaltools.gnu-tools-for-stm32.13.3.rel1.win32_1.0.0.202411081344/tools/bin/../lib/gcc/arm-none-eabi/13.3.1/thumb/v6-m/nofp/crtn.o
                0x20003000                        _estack = (ORIGIN (RAM) + LENGTH (RAM))
                0x00000200                        _Min_Heap_Size = 0x200
                0x00000400                        _Min_Stack_Size = 0x400

.isr_vector     0x08000000       0xc0
                0x08000000                        . = ALIGN (0x4)
 *(.isr_vector)
 .isr_vector    0x08000000       0xc0 ./Core/Startup/startup_stm32u031c8ux.o
                0x08000000                g_pfnVectors
                0x080000c0                        . = ALIGN (0x4)

.text           0x080000c0     0xbcd8
                0x080000c0                        . = ALIGN (0x4)
 *(.text)
 .text          0x080000c0       0x48 C:/ST/STM32CubeIDE_1.13.1/STM32CubeIDE/plugins/com.st.stm32cube.ide.mcu.externaltools.gnu-tools-for-stm32.13.3.rel1.win32_1.0.0.202411081344/tools/bin/../lib/gcc/arm-none-eabi/13.3.1/thumb/v6-m/nofp/crtbegin.o
 .text          0x08000108      0x114 C:/ST/STM32CubeIDE_1.13.1/STM32CubeIDE/plugins/com.st.stm32cube.ide.mcu.externaltools.gnu-tools-for-stm32.13.3.rel1.win32_1.0.0.202411081344/tools/bin/../lib/gcc/arm-none-eabi/13.3.1/thumb/v6-m/nofp\libgcc.a(_udivsi3.o)
                0x08000108                __aeabi_uidiv
                0x08000108                __udivsi3
                0x08000214                __aeabi_uidivmod
 .text          0x0800021c      0x1d4 C:/ST/STM32CubeIDE_1.13.1/STM32CubeIDE/plugins/com.st.stm32cube.ide.mcu.externaltools.gnu-tools-for-stm32.13.3.rel1.win32_1.0.0.202411081344/tools/bin/../lib/gcc/arm-none-eabi/13.3.1/thumb/v6-m/nofp\libgcc.a(_divsi3.o)
                0x0800021c                __divsi3
                0x0800021c                __aeabi_idiv
                0x080003e8                __aeabi_idivmod
 .text          0x080003f0        0x4 C:/ST/STM32CubeIDE_1.13.1/STM32CubeIDE/plugins/com.st.stm32cube.ide.mcu.externaltools.gnu-tools-for-stm32.13.3.rel1.win32_1.0.0.202411081344/tools/bin/../lib/gcc/arm-none-eabi/13.3.1/thumb/v6-m/nofp\libgcc.a(_dvmd_tls.o)
                0x080003f0                __aeabi_idiv0
                0x080003f0                __aeabi_ldiv0
 .text          0x080003f4       0x74 C:/ST/STM32CubeIDE_1.13.1/STM32CubeIDE/plugins/com.st.stm32cube.ide.mcu.externaltools.gnu-tools-for-stm32.13.3.rel1.win32_1.0.0.202411081344/tools/bin/../lib/gcc/arm-none-eabi/13.3.1/thumb/v6-m/nofp\libgcc.a(_arm_cmpsf2.o)
                0x080003f4                __aeabi_cfrcmple
                0x080003fc                __aeabi_cfcmpeq
                0x080003fc                __aeabi_cfcmple
                0x0800040c                __aeabi_fcmpeq
                0x08000418                __aeabi_fcmplt
                0x0800042c                __aeabi_fcmple
                0x08000440                __aeabi_fcmpgt
                0x08000454                __aeabi_fcmpge
 .text          0x08000468       0x40 C:/ST/STM32CubeIDE_1.13.1/STM32CubeIDE/plugins/com.st.stm32cube.ide.mcu.externaltools.gnu-tools-for-stm32.13.3.rel1.win32_1.0.0.202411081344/tools/bin/../lib/gcc/arm-none-eabi/13.3.1/thumb/v6-m/nofp\libgcc.a(_aeabi_uldivmod.o)
                0x08000468                __aeabi_uldivmod
 .text          0x080004a8       0x30 C:/ST/STM32CubeIDE_1.13.1/STM32CubeIDE/plugins/com.st.stm32cube.ide.mcu.externaltools.gnu-tools-for-stm32.13.3.rel1.win32_1.0.0.202411081344/tools/bin/../lib/gcc/arm-none-eabi/13.3.1/thumb/v6-m/nofp\libgcc.a(_fixunssfsi.o)
                0x080004a8                __fixunssfsi
                0x080004a8                __aeabi_f2uiz
 .text          0x080004d8      0x198 C:/ST/STM32CubeIDE_1.13.1/STM32CubeIDE/plugins/com.st.stm32cube.ide.mcu.externaltools.gnu-tools-for-stm32.13.3.rel1.win32_1.0.0.202411081344/tools/bin/../lib/gcc/arm-none-eabi/13.3.1/thumb/v6-m/nofp\libgcc.a(_udivmoddi4.o)
                0x080004d8                __udivmoddi4
 .text          0x08000670      0x22c C:/ST/STM32CubeIDE_1.13.1/STM32CubeIDE/plugins/com.st.stm32cube.ide.mcu.externaltools.gnu-tools-for-stm32.13.3.rel1.win32_1.0.0.202411081344/tools/bin/../lib/gcc/arm-none-eabi/13.3.1/thumb/v6-m/nofp\libgcc.a(divsf3.o)
                0x08000670                __aeabi_fdiv
 .text          0x0800089c       0x50 C:/ST/STM32CubeIDE_1.13.1/STM32CubeIDE/plugins/com.st.stm32cube.ide.mcu.externaltools.gnu-tools-for-stm32.13.3.rel1.win32_1.0.0.202411081344/tools/bin/../lib/gcc/arm-none-eabi/13.3.1/thumb/v6-m/nofp\libgcc.a(eqsf2.o)
                0x0800089c                __eqsf2
                0x0800089c                __nesf2
 .text          0x080008ec       0x90 C:/ST/STM32CubeIDE_1.13.1/STM32CubeIDE/plugins/com.st.stm32cube.ide.mcu.externaltools.gnu-tools-for-stm32.13.3.rel1.win32_1.0.0.202411081344/tools/bin/../lib/gcc/arm-none-eabi/13.3.1/thumb/v6-m/nofp\libgcc.a(gesf2.o)
                0x080008ec                __gesf2
                0x080008ec                __gtsf2
 .text          0x0800097c       0x90 C:/ST/STM32CubeIDE_1.13.1/STM32CubeIDE/plugins/com.st.stm32cube.ide.mcu.externaltools.gnu-tools-for-stm32.13.3.rel1.win32_1.0.0.202411081344/tools/bin/../lib/gcc/arm-none-eabi/13.3.1/thumb/v6-m/nofp\libgcc.a(lesf2.o)
                0x0800097c                __ltsf2
                0x0800097c                __lesf2
 .text          0x08000a0c      0x2b4 C:/ST/STM32CubeIDE_1.13.1/STM32CubeIDE/plugins/com.st.stm32cube.ide.mcu.externaltools.gnu-tools-for-stm32.13.3.rel1.win32_1.0.0.202411081344/tools/bin/../lib/gcc/arm-none-eabi/13.3.1/thumb/v6-m/nofp\libgcc.a(mulsf3.o)
                0x08000a0c                __aeabi_fmul
 .text          0x08000cc0      0x4c8 C:/ST/STM32CubeIDE_1.13.1/STM32CubeIDE/plugins/com.st.stm32cube.ide.mcu.externaltools.gnu-tools-for-stm32.13.3.rel1.win32_1.0.0.202411081344/tools/bin/../lib/gcc/arm-none-eabi/13.3.1/thumb/v6-m/nofp\libgcc.a(subsf3.o)
                0x08000cc0                __aeabi_fsub
 .text          0x08001188       0x40 C:/ST/STM32CubeIDE_1.13.1/STM32CubeIDE/plugins/com.st.stm32cube.ide.mcu.externaltools.gnu-tools-for-stm32.13.3.rel1.win32_1.0.0.202411081344/tools/bin/../lib/gcc/arm-none-eabi/13.3.1/thumb/v6-m/nofp\libgcc.a(fixsfsi.o)
                0x08001188                __aeabi_f2iz
 .text          0x080011c8       0xa0 C:/ST/STM32CubeIDE_1.13.1/STM32CubeIDE/plugins/com.st.stm32cube.ide.mcu.externaltools.gnu-tools-for-stm32.13.3.rel1.win32_1.0.0.202411081344/tools/bin/../lib/gcc/arm-none-eabi/13.3.1/thumb/v6-m/nofp\libgcc.a(floatsisf.o)
                0x080011c8                __aeabi_i2f
 .text          0x08001268       0x3c C:/ST/STM32CubeIDE_1.13.1/STM32CubeIDE/plugins/com.st.stm32cube.ide.mcu.externaltools.gnu-tools-for-stm32.13.3.rel1.win32_1.0.0.202411081344/tools/bin/../lib/gcc/arm-none-eabi/13.3.1/thumb/v6-m/nofp\libgcc.a(_clzsi2.o)
                0x08001268                __clzsi2
 .text          0x080012a4       0x18 C:/ST/STM32CubeIDE_1.13.1/STM32CubeIDE/plugins/com.st.stm32cube.ide.mcu.externaltools.gnu-tools-for-stm32.13.3.rel1.win32_1.0.0.202411081344/tools/bin/../lib/gcc/arm-none-eabi/13.3.1/thumb/v6-m/nofp\libgcc.a(_clzdi2.o)
                0x080012a4                __clzdi2
 *(.text*)
 .text.ACC_I2C_Write
                0x080012bc       0x5c ./Core/Src/acc_sensor.o
 .text.ACC_I2C_Read
                0x08001318       0x5c ./Core/Src/acc_sensor.o
 .text.ACC_Init
                0x08001374      0x114 ./Core/Src/acc_sensor.o
                0x08001374                ACC_Init
 .text.ACC_CheckWakeUp
                0x08001488       0x3c ./Core/Src/acc_sensor.o
                0x08001488                ACC_CheckWakeUp
 .text.ACC_getInt
                0x080014c4       0x14 ./Core/Src/acc_sensor.o
                0x080014c4                ACC_getInt
 .text.ACC_clearInt
                0x080014d8       0x14 ./Core/Src/acc_sensor.o
                0x080014d8                ACC_clearInt
 .text.ACC_HandleInt
                0x080014ec       0x24 ./Core/Src/acc_sensor.o
                0x080014ec                ACC_HandleInt
 .text.BQ25638_WriteReg
                0x08001510       0x3c ./Core/Src/bq2568.o
                0x08001510                BQ25638_WriteReg
 .text.BQ25638_ReadReg
                0x0800154c       0x38 ./Core/Src/bq2568.o
                0x0800154c                BQ25638_ReadReg
 .text.BQ25638_ReadReg16
                0x08001584       0x68 ./Core/Src/bq2568.o
                0x08001584                BQ25638_ReadReg16
 .text.BQ25638_EnableCharging
                0x080015ec       0x4a ./Core/Src/bq2568.o
                0x080015ec                BQ25638_EnableCharging
 .text.BQ25638_SetTsIgnore
                0x08001636       0x64 ./Core/Src/bq2568.o
                0x08001636                BQ25638_SetTsIgnore
 .text.BQ25638_EnableAdc
                0x0800169a       0x64 ./Core/Src/bq2568.o
                0x0800169a                BQ25638_EnableAdc
 *fill*         0x080016fe        0x2 
 .text.BQ25638_GetStatus
                0x08001700      0x148 ./Core/Src/bq2568.o
                0x08001700                BQ25638_GetStatus
 .text.BQ25638_SetCE
                0x08001848       0x28 ./Core/Src/bq2568.o
                0x08001848                BQ25638_SetCE
 .text.BQ25638_Init
                0x08001870       0x22 ./Core/Src/bq2568.o
                0x08001870                BQ25638_Init
 *fill*         0x08001892        0x2 
 .text.I2C_Slave_Init
                0x08001894       0x18 ./Core/Src/i2c_slave.o
                0x08001894                I2C_Slave_Init
 .text.I2C_Slave_Process
                0x080018ac       0x68 ./Core/Src/i2c_slave.o
                0x080018ac                I2C_Slave_Process
 .text.HAL_I2C_AddrCallback
                0x08001914       0x80 ./Core/Src/i2c_slave.o
                0x08001914                HAL_I2C_AddrCallback
 .text.HAL_I2C_SlaveRxCpltCallback
                0x08001994       0x88 ./Core/Src/i2c_slave.o
                0x08001994                HAL_I2C_SlaveRxCpltCallback
 .text.HAL_I2C_ListenCpltCallback
                0x08001a1c       0x28 ./Core/Src/i2c_slave.o
                0x08001a1c                HAL_I2C_ListenCpltCallback
 .text.ir_sensor_write
                0x08001a44       0x48 ./Core/Src/ir_sensor.o
 .text.ir_sensor_read
                0x08001a8c       0x52 ./Core/Src/ir_sensor.o
 *fill*         0x08001ade        0x2 
 .text.IR_SENSOR_InitCtx
                0x08001ae0       0x90 ./Core/Src/ir_sensor.o
                0x08001ae0                IR_SENSOR_InitCtx
 .text.IR_SENSOR_StartContinuous
                0x08001b70       0x30 ./Core/Src/ir_sensor.o
                0x08001b70                IR_SENSOR_StartContinuous
 .text.IR_SENSOR_ReadPresence
                0x08001ba0       0x24 ./Core/Src/ir_sensor.o
                0x08001ba0                IR_SENSOR_ReadPresence
 .text.IR_SENSOR_ReadMotion
                0x08001bc4       0x24 ./Core/Src/ir_sensor.o
                0x08001bc4                IR_SENSOR_ReadMotion
 .text.CheckInterruptFlags
                0x08001be8       0x50 ./Core/Src/ir_sensor.o
                0x08001be8                CheckInterruptFlags
 .text.IR_SENSOR_getInt
                0x08001c38       0x20 ./Core/Src/ir_sensor.o
                0x08001c38                IR_SENSOR_getInt
 .text.IR_SENSOR_clearInt
                0x08001c58       0x14 ./Core/Src/ir_sensor.o
                0x08001c58                IR_SENSOR_clearInt
 .text.IR_HandleInt
                0x08001c6c       0x24 ./Core/Src/ir_sensor.o
                0x08001c6c                IR_HandleInt
 .text.ISM330DHCX_RegisterBusIO
                0x08001c90       0xc4 ./Core/Src/ism330dhcx.o
                0x08001c90                ISM330DHCX_RegisterBusIO
 .text.ISM330DHCX_Init
                0x08001d54      0x11a ./Core/Src/ism330dhcx.o
                0x08001d54                ISM330DHCX_Init
 .text.ISM330DHCX_ACC_Enable
                0x08001e6e       0x46 ./Core/Src/ism330dhcx.o
                0x08001e6e                ISM330DHCX_ACC_Enable
 .text.ISM330DHCX_ACC_SetOutputDataRate
                0x08001eb4       0x3a ./Core/Src/ism330dhcx.o
                0x08001eb4                ISM330DHCX_ACC_SetOutputDataRate
 .text.ISM330DHCX_ACC_SetFullScale
                0x08001eee       0x56 ./Core/Src/ism330dhcx.o
                0x08001eee                ISM330DHCX_ACC_SetFullScale
 .text.ISM330DHCX_Write_Reg
                0x08001f44       0x3e ./Core/Src/ism330dhcx.o
                0x08001f44                ISM330DHCX_Write_Reg
 .text.ISM330DHCX_Set_Interrupt_Latch
                0x08001f82       0x42 ./Core/Src/ism330dhcx.o
                0x08001f82                ISM330DHCX_Set_Interrupt_Latch
 .text.ISM330DHCX_ACC_Enable_Wake_Up_Detection
                0x08001fc4      0x110 ./Core/Src/ism330dhcx.o
                0x08001fc4                ISM330DHCX_ACC_Enable_Wake_Up_Detection
 .text.ISM330DHCX_ACC_Set_Wake_Up_Threshold
                0x080020d4       0x34 ./Core/Src/ism330dhcx.o
                0x080020d4                ISM330DHCX_ACC_Set_Wake_Up_Threshold
 .text.ISM330DHCX_ACC_Set_Wake_Up_Duration
                0x08002108       0x34 ./Core/Src/ism330dhcx.o
                0x08002108                ISM330DHCX_ACC_Set_Wake_Up_Duration
 .text.ISM330DHCX_Set_Mem_Bank
                0x0800213c       0x58 ./Core/Src/ism330dhcx.o
                0x0800213c                ISM330DHCX_Set_Mem_Bank
 .text.ISM330DHCX_ACC_SetOutputDataRate_When_Enabled
                0x08002194       0xec ./Core/Src/ism330dhcx.o
 .text.ISM330DHCX_ACC_SetOutputDataRate_When_Disabled
                0x08002280       0xd0 ./Core/Src/ism330dhcx.o
 .text.ReadRegWrap
                0x08002350       0x44 ./Core/Src/ism330dhcx.o
 .text.WriteRegWrap
                0x08002394       0x44 ./Core/Src/ism330dhcx.o
 .text.ism330dhcx_read_reg
                0x080023d8       0x52 ./Core/Src/ism330dhcx_reg.o
                0x080023d8                ism330dhcx_read_reg
 .text.ism330dhcx_write_reg
                0x0800242a       0x52 ./Core/Src/ism330dhcx_reg.o
                0x0800242a                ism330dhcx_write_reg
 .text.ism330dhcx_xl_full_scale_set
                0x0800247c       0x60 ./Core/Src/ism330dhcx_reg.o
                0x0800247c                ism330dhcx_xl_full_scale_set
 .text.ism330dhcx_xl_data_rate_set
                0x080024dc      0x3ea ./Core/Src/ism330dhcx_reg.o
                0x080024dc                ism330dhcx_xl_data_rate_set
 .text.ism330dhcx_gy_full_scale_set
                0x080028c6       0x60 ./Core/Src/ism330dhcx_reg.o
                0x080028c6                ism330dhcx_gy_full_scale_set
 .text.ism330dhcx_gy_data_rate_set
                0x08002926      0x3ea ./Core/Src/ism330dhcx_reg.o
                0x08002926                ism330dhcx_gy_data_rate_set
 .text.ism330dhcx_block_data_update_set
                0x08002d10       0x60 ./Core/Src/ism330dhcx_reg.o
                0x08002d10                ism330dhcx_block_data_update_set
 .text.ism330dhcx_all_sources_get
                0x08002d70       0xf4 ./Core/Src/ism330dhcx_reg.o
                0x08002d70                ism330dhcx_all_sources_get
 .text.ism330dhcx_device_conf_set
                0x08002e64       0x60 ./Core/Src/ism330dhcx_reg.o
                0x08002e64                ism330dhcx_device_conf_set
 .text.ism330dhcx_mem_bank_set
                0x08002ec4       0x5c ./Core/Src/ism330dhcx_reg.o
                0x08002ec4                ism330dhcx_mem_bank_set
 .text.ism330dhcx_reset_set
                0x08002f20       0x60 ./Core/Src/ism330dhcx_reg.o
                0x08002f20                ism330dhcx_reset_set
 .text.ism330dhcx_auto_increment_set
                0x08002f80       0x60 ./Core/Src/ism330dhcx_reg.o
                0x08002f80                ism330dhcx_auto_increment_set
 .text.ism330dhcx_pin_int1_route_set
                0x08002fe0      0x382 ./Core/Src/ism330dhcx_reg.o
                0x08002fe0                ism330dhcx_pin_int1_route_set
 .text.ism330dhcx_pin_int1_route_get
                0x08003362       0xc4 ./Core/Src/ism330dhcx_reg.o
                0x08003362                ism330dhcx_pin_int1_route_get
 .text.ism330dhcx_pin_int2_route_set
                0x08003426      0x366 ./Core/Src/ism330dhcx_reg.o
                0x08003426                ism330dhcx_pin_int2_route_set
 .text.ism330dhcx_pin_int2_route_get
                0x0800378c       0xc4 ./Core/Src/ism330dhcx_reg.o
                0x0800378c                ism330dhcx_pin_int2_route_get
 .text.ism330dhcx_int_notification_set
                0x08003850       0xf8 ./Core/Src/ism330dhcx_reg.o
                0x08003850                ism330dhcx_int_notification_set
 .text.ism330dhcx_wkup_threshold_set
                0x08003948       0x60 ./Core/Src/ism330dhcx_reg.o
                0x08003948                ism330dhcx_wkup_threshold_set
 .text.ism330dhcx_wkup_dur_set
                0x080039a8       0x60 ./Core/Src/ism330dhcx_reg.o
                0x080039a8                ism330dhcx_wkup_dur_set
 .text.ism330dhcx_fifo_mode_set
                0x08003a08       0x60 ./Core/Src/ism330dhcx_reg.o
                0x08003a08                ism330dhcx_fifo_mode_set
 .text.ism330dhcx_fsm_enable_get
                0x08003a68       0x64 ./Core/Src/ism330dhcx_reg.o
                0x08003a68                ism330dhcx_fsm_enable_get
 .text.ism330dhcx_fsm_data_rate_get
                0x08003acc       0x98 ./Core/Src/ism330dhcx_reg.o
                0x08003acc                ism330dhcx_fsm_data_rate_get
 .text.ism330dhcx_mlc_get
                0x08003b64       0x60 ./Core/Src/ism330dhcx_reg.o
                0x08003b64                ism330dhcx_mlc_get
 .text.ism330dhcx_mlc_data_rate_get
                0x08003bc4       0x98 ./Core/Src/ism330dhcx_reg.o
                0x08003bc4                ism330dhcx_mlc_data_rate_get
 .text.HAL_GPIO_EXTI_Rising_Callback
                0x08003c5c       0x2c ./Core/Src/main.o
                0x08003c5c                HAL_GPIO_EXTI_Rising_Callback
 .text.SyncRTCWithGPS
                0x08003c88       0x4c ./Core/Src/main.o
                0x08003c88                SyncRTCWithGPS
 .text.SomEnable
                0x08003cd4        0xe ./Core/Src/main.o
                0x08003cd4                SomEnable
 *fill*         0x08003ce2        0x2 
 .text.somSetInt
                0x08003ce4       0x24 ./Core/Src/main.o
                0x08003ce4                somSetInt
 .text.somGetInt
                0x08003d08       0x14 ./Core/Src/main.o
                0x08003d08                somGetInt
 .text.somClearINT
                0x08003d1c       0x24 ./Core/Src/main.o
                0x08003d1c                somClearINT
 .text.main     0x08003d40       0x54 ./Core/Src/main.o
                0x08003d40                main
 .text.SystemClock_Config
                0x08003d94       0x90 ./Core/Src/main.o
                0x08003d94                SystemClock_Config
 .text.MX_FLASH_Init
                0x08003e24       0x22 ./Core/Src/main.o
 *fill*         0x08003e46        0x2 
 .text.MX_I2C1_Init
                0x08003e48       0x80 ./Core/Src/main.o
 .text.MX_I2C2_Init
                0x08003ec8       0x80 ./Core/Src/main.o
 .text.MX_I2C3_Init
                0x08003f48       0x80 ./Core/Src/main.o
 .text.MX_RTC_Init
                0x08003fc8      0x144 ./Core/Src/main.o
 .text.MX_USART3_UART_Init
                0x0800410c       0x9c ./Core/Src/main.o
 .text.MX_GPIO_Init
                0x080041a8      0x198 ./Core/Src/main.o
 .text.Error_Handler
                0x08004340        0xc ./Core/Src/main.o
                0x08004340                Error_Handler
 .text.Sensor_LED_On
                0x0800434c       0x1a ./Core/Src/protocol.o
                0x0800434c                Sensor_LED_On
 .text.Sensor_LED_Off
                0x08004366       0x1a ./Core/Src/protocol.o
                0x08004366                Sensor_LED_Off
 .text.Sensor_LED_Read
                0x08004380       0x3a ./Core/Src/protocol.o
                0x08004380                Sensor_LED_Read
 .text.Sensor_IR_Read
                0x080043ba       0x58 ./Core/Src/protocol.o
                0x080043ba                Sensor_IR_Read
 *fill*         0x08004412        0x2 
 .text.Sensor_IR_Config
                0x08004414       0x28 ./Core/Src/protocol.o
                0x08004414                Sensor_IR_Config
 .text.Sensor_Accel_Read
                0x0800443c       0x28 ./Core/Src/protocol.o
                0x0800443c                Sensor_Accel_Read
 .text.Sensor_Accel_Config
                0x08004464       0x20 ./Core/Src/protocol.o
                0x08004464                Sensor_Accel_Config
 .text.Sensor_RTC_Read
                0x08004484       0x7c ./Core/Src/protocol.o
                0x08004484                Sensor_RTC_Read
 .text.Sensor_RTC_Config
                0x08004500       0x14 ./Core/Src/protocol.o
                0x08004500                Sensor_RTC_Config
 .text.Sensor_Charger_Read
                0x08004514       0x52 ./Core/Src/protocol.o
                0x08004514                Sensor_Charger_Read
 .text.Sensor_GPS_Read
                0x08004566       0x54 ./Core/Src/protocol.o
                0x08004566                Sensor_GPS_Read
 .text.INT_Read
                0x080045ba       0x4c ./Core/Src/protocol.o
                0x080045ba                INT_Read
 *fill*         0x08004606        0x2 
 .text.Protocol_ProcessCommand
                0x08004608      0x14c ./Core/Src/protocol.o
                0x08004608                Protocol_ProcessCommand
 .text.rtc_updeteTime
                0x08004754       0x6c ./Core/Src/rtc.o
                0x08004754                rtc_updeteTime
 .text.rtc_updeteDate
                0x080047c0       0x64 ./Core/Src/rtc.o
                0x080047c0                rtc_updeteDate
 .text.rtc_getTime
                0x08004824       0x20 ./Core/Src/rtc.o
                0x08004824                rtc_getTime
 .text.rtc_getDate
                0x08004844       0x20 ./Core/Src/rtc.o
                0x08004844                rtc_getDate
 .text.sths34pf80_read_reg
                0x08004864       0x52 ./Core/Src/sths34pf80_reg.o
                0x08004864                sths34pf80_read_reg
 .text.sths34pf80_write_reg
                0x080048b6       0x52 ./Core/Src/sths34pf80_reg.o
                0x080048b6                sths34pf80_write_reg
 .text.sths34pf80_safe_power_down
                0x08004908       0xce ./Core/Src/sths34pf80_reg.o
 .text.sths34pf80_odr_safe_set
                0x080049d6       0x74 ./Core/Src/sths34pf80_reg.o
 *fill*         0x08004a4a        0x2 
 .text.sths34pf80_odr_set
                0x08004a4c       0xd4 ./Core/Src/sths34pf80_reg.o
                0x08004a4c                sths34pf80_odr_set
 .text.sths34pf80_block_data_update_set
                0x08004b20       0x60 ./Core/Src/sths34pf80_reg.o
                0x08004b20                sths34pf80_block_data_update_set
 .text.sths34pf80_mem_bank_set
                0x08004b80       0x60 ./Core/Src/sths34pf80_reg.o
                0x08004b80                sths34pf80_mem_bank_set
 .text.sths34pf80_drdy_status_get
                0x08004be0       0x46 ./Core/Src/sths34pf80_reg.o
                0x08004be0                sths34pf80_drdy_status_get
 .text.sths34pf80_tpresence_raw_get
                0x08004c26       0x4c ./Core/Src/sths34pf80_reg.o
                0x08004c26                sths34pf80_tpresence_raw_get
 .text.sths34pf80_tmotion_raw_get
                0x08004c72       0x4c ./Core/Src/sths34pf80_reg.o
                0x08004c72                sths34pf80_tmotion_raw_get
 .text.sths34pf80_route_int_set
                0x08004cbe       0x74 ./Core/Src/sths34pf80_reg.o
                0x08004cbe                sths34pf80_route_int_set
 .text.sths34pf80_int_or_set
                0x08004d32       0x60 ./Core/Src/sths34pf80_reg.o
                0x08004d32                sths34pf80_int_or_set
 .text.sths34pf80_int_mode_set
                0x08004d92       0x7e ./Core/Src/sths34pf80_reg.o
                0x08004d92                sths34pf80_int_mode_set
 .text.sths34pf80_func_cfg_write
                0x08004e10      0x138 ./Core/Src/sths34pf80_reg.o
                0x08004e10                sths34pf80_func_cfg_write
 .text.sths34pf80_func_cfg_read
                0x08004f48      0x14c ./Core/Src/sths34pf80_reg.o
                0x08004f48                sths34pf80_func_cfg_read
 .text.sths34pf80_presence_threshold_set
                0x08005094       0xb2 ./Core/Src/sths34pf80_reg.o
                0x08005094                sths34pf80_presence_threshold_set
 .text.sths34pf80_motion_threshold_set
                0x08005146       0xb2 ./Core/Src/sths34pf80_reg.o
                0x08005146                sths34pf80_motion_threshold_set
 .text.sths34pf80_algo_config_set
                0x080051f8       0x66 ./Core/Src/sths34pf80_reg.o
 .text.sths34pf80_algo_config_get
                0x0800525e       0x98 ./Core/Src/sths34pf80_reg.o
 .text.sths34pf80_tobject_algo_compensation_set
                0x080052f6       0xcc ./Core/Src/sths34pf80_reg.o
                0x080052f6                sths34pf80_tobject_algo_compensation_set
 .text.sths34pf80_reset_algo_bit_set
                0x080053c2       0xae ./Core/Src/sths34pf80_reg.o
 .text.HAL_MspInit
                0x08005470       0x48 ./Core/Src/stm32u0xx_hal_msp.o
                0x08005470                HAL_MspInit
 .text.HAL_I2C_MspInit
                0x080054b8      0x1e4 ./Core/Src/stm32u0xx_hal_msp.o
                0x080054b8                HAL_I2C_MspInit
 .text.HAL_RTC_MspInit
                0x0800569c       0x90 ./Core/Src/stm32u0xx_hal_msp.o
                0x0800569c                HAL_RTC_MspInit
 .text.HAL_UART_MspInit
                0x0800572c       0xbc ./Core/Src/stm32u0xx_hal_msp.o
                0x0800572c                HAL_UART_MspInit
 .text.NMI_Handler
                0x080057e8        0x8 ./Core/Src/stm32u0xx_it.o
                0x080057e8                NMI_Handler
 .text.HardFault_Handler
                0x080057f0        0x8 ./Core/Src/stm32u0xx_it.o
                0x080057f0                HardFault_Handler
 .text.SVC_Handler
                0x080057f8        0xa ./Core/Src/stm32u0xx_it.o
                0x080057f8                SVC_Handler
 .text.PendSV_Handler
                0x08005802        0xa ./Core/Src/stm32u0xx_it.o
                0x08005802                PendSV_Handler
 .text.SysTick_Handler
                0x0800580c        0xe ./Core/Src/stm32u0xx_it.o
                0x0800580c                SysTick_Handler
 *fill*         0x0800581a        0x2 
 .text.RTC_TAMP_IRQHandler
                0x0800581c       0x18 ./Core/Src/stm32u0xx_it.o
                0x0800581c                RTC_TAMP_IRQHandler
 .text.EXTI0_1_IRQHandler
                0x08005834       0x16 ./Core/Src/stm32u0xx_it.o
                0x08005834                EXTI0_1_IRQHandler
 .text.EXTI4_15_IRQHandler
                0x0800584a       0x14 ./Core/Src/stm32u0xx_it.o
                0x0800584a                EXTI4_15_IRQHandler
 *fill*         0x0800585e        0x2 
 .text.I2C2_3_IRQHandler
                0x08005860       0x54 ./Core/Src/stm32u0xx_it.o
                0x08005860                I2C2_3_IRQHandler
 .text.SystemInit
                0x080058b4       0x58 ./Core/Src/system_stm32u0xx.o
                0x080058b4                SystemInit
 .text.UBlox_Init
                0x0800590c        0xa ./Core/Src/ublox.o
                0x0800590c                UBlox_Init
 *fill*         0x08005916        0x2 
 .text.UBlox_ReadNavPvt
                0x08005918       0xbc ./Core/Src/ublox.o
                0x08005918                UBlox_ReadNavPvt
 .text.Reset_Handler
                0x080059d4       0x50 ./Core/Startup/startup_stm32u031c8ux.o
                0x080059d4                Reset_Handler
 .text.Default_Handler
                0x08005a24        0x2 ./Core/Startup/startup_stm32u031c8ux.o
                0x08005a24                WWDG_IWDG_IRQHandler
                0x08005a24                TIM1_CC_IRQHandler
                0x08005a24                TSC_IRQHandler
                0x08005a24                ADC_COMP1_IRQHandler
                0x08005a24                I2C1_IRQHandler
                0x08005a24                TIM7_LPTIM2_IRQHandler
                0x08005a24                RCC_CRS_IRQHandler
                0x08005a24                DMA1_Ch4_7_DMAMUX_OVR_IRQHandler
                0x08005a24                SPI1_IRQHandler
                0x08005a24                EXTI2_3_IRQHandler
                0x08005a24                USART2_LPUART2_IRQHandler
                0x08005a24                USART4_IRQHandler
                0x08005a24                TIM16_IRQHandler
                0x08005a24                TIM3_IRQHandler
                0x08005a24                DMA1_Channel1_IRQHandler
                0x08005a24                Default_Handler
                0x08005a24                TIM15_IRQHandler
                0x08005a24                PVD_PVM_IRQHandler
                0x08005a24                SPI2_IRQHandler
                0x08005a24                RNG_IRQHandler
                0x08005a24                TIM6_DAC_LPTIM1_IRQHandler
                0x08005a24                TIM2_IRQHandler
                0x08005a24                DMA1_Channel2_3_IRQHandler
                0x08005a24                FLASH_ECC_IRQHandler
                0x08005a24                USART3_LPUART1_IRQHandler
                0x08005a24                USART1_IRQHandler
                0x08005a24                TIM1_BRK_UP_TRG_COM_IRQHandler
 .text.HAL_Init
                0x08005a26       0x2e ./Drivers/STM32U0xx_HAL_Driver/stm32u0xx_hal.o
                0x08005a26                HAL_Init
 .text.HAL_InitTick
                0x08005a54       0x94 ./Drivers/STM32U0xx_HAL_Driver/stm32u0xx_hal.o
                0x08005a54                HAL_InitTick
 .text.HAL_IncTick
                0x08005ae8       0x24 ./Drivers/STM32U0xx_HAL_Driver/stm32u0xx_hal.o
                0x08005ae8                HAL_IncTick
 .text.HAL_GetTick
                0x08005b0c       0x14 ./Drivers/STM32U0xx_HAL_Driver/stm32u0xx_hal.o
                0x08005b0c                HAL_GetTick
 .text.HAL_Delay
                0x08005b20       0x48 ./Drivers/STM32U0xx_HAL_Driver/stm32u0xx_hal.o
                0x08005b20                HAL_Delay
 .text.__NVIC_EnableIRQ
                0x08005b68       0x34 ./Drivers/STM32U0xx_HAL_Driver/stm32u0xx_hal_cortex.o
 .text.__NVIC_SetPriority
                0x08005b9c       0xdc ./Drivers/STM32U0xx_HAL_Driver/stm32u0xx_hal_cortex.o
 .text.SysTick_Config
                0x08005c78       0x48 ./Drivers/STM32U0xx_HAL_Driver/stm32u0xx_hal_cortex.o
 .text.HAL_NVIC_SetPriority
                0x08005cc0       0x2a ./Drivers/STM32U0xx_HAL_Driver/stm32u0xx_hal_cortex.o
                0x08005cc0                HAL_NVIC_SetPriority
 .text.HAL_NVIC_EnableIRQ
                0x08005cea       0x20 ./Drivers/STM32U0xx_HAL_Driver/stm32u0xx_hal_cortex.o
                0x08005cea                HAL_NVIC_EnableIRQ
 .text.HAL_SYSTICK_Config
                0x08005d0a       0x1a ./Drivers/STM32U0xx_HAL_Driver/stm32u0xx_hal_cortex.o
                0x08005d0a                HAL_SYSTICK_Config
 .text.HAL_DMA_Abort_IT
                0x08005d24       0xd4 ./Drivers/STM32U0xx_HAL_Driver/stm32u0xx_hal_dma.o
                0x08005d24                HAL_DMA_Abort_IT
 .text.HAL_DMA_GetState
                0x08005df8       0x18 ./Drivers/STM32U0xx_HAL_Driver/stm32u0xx_hal_dma.o
                0x08005df8                HAL_DMA_GetState
 .text.HAL_FLASH_Unlock
                0x08005e10       0x48 ./Drivers/STM32U0xx_HAL_Driver/stm32u0xx_hal_flash.o
                0x08005e10                HAL_FLASH_Unlock
 .text.HAL_FLASH_Lock
                0x08005e58       0x38 ./Drivers/STM32U0xx_HAL_Driver/stm32u0xx_hal_flash.o
                0x08005e58                HAL_FLASH_Lock
 .text.HAL_GPIO_Init
                0x08005e90      0x2d8 ./Drivers/STM32U0xx_HAL_Driver/stm32u0xx_hal_gpio.o
                0x08005e90                HAL_GPIO_Init
 .text.HAL_GPIO_ReadPin
                0x08006168       0x3a ./Drivers/STM32U0xx_HAL_Driver/stm32u0xx_hal_gpio.o
                0x08006168                HAL_GPIO_ReadPin
 .text.HAL_GPIO_WritePin
                0x080061a2       0x3a ./Drivers/STM32U0xx_HAL_Driver/stm32u0xx_hal_gpio.o
                0x080061a2                HAL_GPIO_WritePin
 .text.HAL_GPIO_EXTI_IRQHandler
                0x080061dc       0x54 ./Drivers/STM32U0xx_HAL_Driver/stm32u0xx_hal_gpio.o
                0x080061dc                HAL_GPIO_EXTI_IRQHandler
 .text.HAL_GPIO_EXTI_Falling_Callback
                0x08006230       0x14 ./Drivers/STM32U0xx_HAL_Driver/stm32u0xx_hal_gpio.o
                0x08006230                HAL_GPIO_EXTI_Falling_Callback
 .text.HAL_I2C_Init
                0x08006244      0x14c ./Drivers/STM32U0xx_HAL_Driver/stm32u0xx_hal_i2c.o
                0x08006244                HAL_I2C_Init
 .text.HAL_I2C_Master_Transmit
                0x08006390      0x210 ./Drivers/STM32U0xx_HAL_Driver/stm32u0xx_hal_i2c.o
                0x08006390                HAL_I2C_Master_Transmit
 .text.HAL_I2C_Master_Receive
                0x080065a0      0x210 ./Drivers/STM32U0xx_HAL_Driver/stm32u0xx_hal_i2c.o
                0x080065a0                HAL_I2C_Master_Receive
 .text.HAL_I2C_Mem_Write
                0x080067b0      0x25c ./Drivers/STM32U0xx_HAL_Driver/stm32u0xx_hal_i2c.o
                0x080067b0                HAL_I2C_Mem_Write
 .text.HAL_I2C_Mem_Read
                0x08006a0c      0x268 ./Drivers/STM32U0xx_HAL_Driver/stm32u0xx_hal_i2c.o
                0x08006a0c                HAL_I2C_Mem_Read
 .text.HAL_I2C_Slave_Seq_Transmit_IT
                0x08006c74      0x180 ./Drivers/STM32U0xx_HAL_Driver/stm32u0xx_hal_i2c.o
                0x08006c74                HAL_I2C_Slave_Seq_Transmit_IT
 .text.HAL_I2C_Slave_Seq_Receive_IT
                0x08006df4      0x184 ./Drivers/STM32U0xx_HAL_Driver/stm32u0xx_hal_i2c.o
                0x08006df4                HAL_I2C_Slave_Seq_Receive_IT
 .text.HAL_I2C_EnableListen_IT
                0x08006f78       0x44 ./Drivers/STM32U0xx_HAL_Driver/stm32u0xx_hal_i2c.o
                0x08006f78                HAL_I2C_EnableListen_IT
 .text.HAL_I2C_EV_IRQHandler
                0x08006fbc       0x34 ./Drivers/STM32U0xx_HAL_Driver/stm32u0xx_hal_i2c.o
                0x08006fbc                HAL_I2C_EV_IRQHandler
 .text.HAL_I2C_ER_IRQHandler
                0x08006ff0       0xc4 ./Drivers/STM32U0xx_HAL_Driver/stm32u0xx_hal_i2c.o
                0x08006ff0                HAL_I2C_ER_IRQHandler
 .text.HAL_I2C_MasterTxCpltCallback
                0x080070b4       0x10 ./Drivers/STM32U0xx_HAL_Driver/stm32u0xx_hal_i2c.o
                0x080070b4                HAL_I2C_MasterTxCpltCallback
 .text.HAL_I2C_MasterRxCpltCallback
                0x080070c4       0x10 ./Drivers/STM32U0xx_HAL_Driver/stm32u0xx_hal_i2c.o
                0x080070c4                HAL_I2C_MasterRxCpltCallback
 .text.HAL_I2C_SlaveTxCpltCallback
                0x080070d4       0x10 ./Drivers/STM32U0xx_HAL_Driver/stm32u0xx_hal_i2c.o
                0x080070d4                HAL_I2C_SlaveTxCpltCallback
 .text.HAL_I2C_MemTxCpltCallback
                0x080070e4       0x10 ./Drivers/STM32U0xx_HAL_Driver/stm32u0xx_hal_i2c.o
                0x080070e4                HAL_I2C_MemTxCpltCallback
 .text.HAL_I2C_MemRxCpltCallback
                0x080070f4       0x10 ./Drivers/STM32U0xx_HAL_Driver/stm32u0xx_hal_i2c.o
                0x080070f4                HAL_I2C_MemRxCpltCallback
 .text.HAL_I2C_ErrorCallback
                0x08007104       0x10 ./Drivers/STM32U0xx_HAL_Driver/stm32u0xx_hal_i2c.o
                0x08007104                HAL_I2C_ErrorCallback
 .text.HAL_I2C_AbortCpltCallback
                0x08007114       0x10 ./Drivers/STM32U0xx_HAL_Driver/stm32u0xx_hal_i2c.o
                0x08007114                HAL_I2C_AbortCpltCallback
 .text.I2C_Slave_ISR_IT
                0x08007124      0x228 ./Drivers/STM32U0xx_HAL_Driver/stm32u0xx_hal_i2c.o
 .text.I2C_Master_ISR_DMA
                0x0800734c      0x218 ./Drivers/STM32U0xx_HAL_Driver/stm32u0xx_hal_i2c.o
 .text.I2C_Mem_ISR_DMA
                0x08007564      0x280 ./Drivers/STM32U0xx_HAL_Driver/stm32u0xx_hal_i2c.o
 .text.I2C_Slave_ISR_DMA
                0x080077e4      0x1f0 ./Drivers/STM32U0xx_HAL_Driver/stm32u0xx_hal_i2c.o
 .text.I2C_RequestMemoryWrite
                0x080079d4       0xc8 ./Drivers/STM32U0xx_HAL_Driver/stm32u0xx_hal_i2c.o
 .text.I2C_RequestMemoryRead
                0x08007a9c       0xc4 ./Drivers/STM32U0xx_HAL_Driver/stm32u0xx_hal_i2c.o
 .text.I2C_ITAddrCplt
                0x08007b60      0x148 ./Drivers/STM32U0xx_HAL_Driver/stm32u0xx_hal_i2c.o
 .text.I2C_ITMasterSeqCplt
                0x08007ca8       0x82 ./Drivers/STM32U0xx_HAL_Driver/stm32u0xx_hal_i2c.o
 *fill*         0x08007d2a        0x2 
 .text.I2C_ITSlaveSeqCplt
                0x08007d2c       0xcc ./Drivers/STM32U0xx_HAL_Driver/stm32u0xx_hal_i2c.o
 .text.I2C_ITMasterCplt
                0x08007df8      0x1a4 ./Drivers/STM32U0xx_HAL_Driver/stm32u0xx_hal_i2c.o
 .text.I2C_ITSlaveCplt
                0x08007f9c      0x320 ./Drivers/STM32U0xx_HAL_Driver/stm32u0xx_hal_i2c.o
 .text.I2C_ITListenCplt
                0x080082bc       0xb4 ./Drivers/STM32U0xx_HAL_Driver/stm32u0xx_hal_i2c.o
 .text.I2C_ITError
                0x08008370      0x204 ./Drivers/STM32U0xx_HAL_Driver/stm32u0xx_hal_i2c.o
 .text.I2C_TreatErrorCallback
                0x08008574       0x52 ./Drivers/STM32U0xx_HAL_Driver/stm32u0xx_hal_i2c.o
 .text.I2C_Flush_TXDR
                0x080085c6       0x44 ./Drivers/STM32U0xx_HAL_Driver/stm32u0xx_hal_i2c.o
 .text.I2C_DMAAbort
                0x0800860a       0x3e ./Drivers/STM32U0xx_HAL_Driver/stm32u0xx_hal_i2c.o
 .text.I2C_WaitOnFlagUntilTimeout
                0x08008648       0xb0 ./Drivers/STM32U0xx_HAL_Driver/stm32u0xx_hal_i2c.o
 .text.I2C_WaitOnTXISFlagUntilTimeout
                0x080086f8       0x8c ./Drivers/STM32U0xx_HAL_Driver/stm32u0xx_hal_i2c.o
 .text.I2C_WaitOnSTOPFlagUntilTimeout
                0x08008784       0x86 ./Drivers/STM32U0xx_HAL_Driver/stm32u0xx_hal_i2c.o
 *fill*         0x0800880a        0x2 
 .text.I2C_WaitOnRXNEFlagUntilTimeout
                0x0800880c      0x13c ./Drivers/STM32U0xx_HAL_Driver/stm32u0xx_hal_i2c.o
 .text.I2C_IsErrorOccurred
                0x08008948      0x1f0 ./Drivers/STM32U0xx_HAL_Driver/stm32u0xx_hal_i2c.o
 .text.I2C_TransferConfig
                0x08008b38       0x74 ./Drivers/STM32U0xx_HAL_Driver/stm32u0xx_hal_i2c.o
 .text.I2C_Enable_IRQ
                0x08008bac      0x114 ./Drivers/STM32U0xx_HAL_Driver/stm32u0xx_hal_i2c.o
 .text.I2C_Disable_IRQ
                0x08008cc0       0xc6 ./Drivers/STM32U0xx_HAL_Driver/stm32u0xx_hal_i2c.o
 *fill*         0x08008d86        0x2 
 .text.HAL_I2CEx_ConfigAnalogFilter
                0x08008d88       0x98 ./Drivers/STM32U0xx_HAL_Driver/stm32u0xx_hal_i2c_ex.o
                0x08008d88                HAL_I2CEx_ConfigAnalogFilter
 .text.HAL_I2CEx_ConfigDigitalFilter
                0x08008e20       0x98 ./Drivers/STM32U0xx_HAL_Driver/stm32u0xx_hal_i2c_ex.o
                0x08008e20                HAL_I2CEx_ConfigDigitalFilter
 .text.HAL_PWREx_ControlVoltageScaling
                0x08008eb8       0xc0 ./Drivers/STM32U0xx_HAL_Driver/stm32u0xx_hal_pwr_ex.o
                0x08008eb8                HAL_PWREx_ControlVoltageScaling
 .text.HAL_PWREx_GetVoltageRange
                0x08008f78       0x18 ./Drivers/STM32U0xx_HAL_Driver/stm32u0xx_hal_pwr_ex.o
                0x08008f78                HAL_PWREx_GetVoltageRange
 .text.HAL_RCC_OscConfig
                0x08008f90      0x7cc ./Drivers/STM32U0xx_HAL_Driver/stm32u0xx_hal_rcc.o
                0x08008f90                HAL_RCC_OscConfig
 .text.HAL_RCC_ClockConfig
                0x0800975c      0x1d8 ./Drivers/STM32U0xx_HAL_Driver/stm32u0xx_hal_rcc.o
                0x0800975c                HAL_RCC_ClockConfig
 .text.HAL_RCC_GetSysClockFreq
                0x08009934      0x138 ./Drivers/STM32U0xx_HAL_Driver/stm32u0xx_hal_rcc.o
                0x08009934                HAL_RCC_GetSysClockFreq
 .text.HAL_RCC_GetHCLKFreq
                0x08009a6c       0x14 ./Drivers/STM32U0xx_HAL_Driver/stm32u0xx_hal_rcc.o
                0x08009a6c                HAL_RCC_GetHCLKFreq
 .text.HAL_RCC_GetPCLK1Freq
                0x08009a80       0x30 ./Drivers/STM32U0xx_HAL_Driver/stm32u0xx_hal_rcc.o
                0x08009a80                HAL_RCC_GetPCLK1Freq
 .text.RCC_SetFlashLatencyFromMSIRange
                0x08009ab0       0xd8 ./Drivers/STM32U0xx_HAL_Driver/stm32u0xx_hal_rcc.o
 .text.HAL_RCCEx_PeriphCLKConfig
                0x08009b88      0x3c8 ./Drivers/STM32U0xx_HAL_Driver/stm32u0xx_hal_rcc_ex.o
                0x08009b88                HAL_RCCEx_PeriphCLKConfig
 .text.HAL_RCCEx_GetPeriphCLKFreq
                0x08009f50      0x850 ./Drivers/STM32U0xx_HAL_Driver/stm32u0xx_hal_rcc_ex.o
                0x08009f50                HAL_RCCEx_GetPeriphCLKFreq
 .text.HAL_RCCEx_GetPLLClockFreq
                0x0800a7a0      0x17c ./Drivers/STM32U0xx_HAL_Driver/stm32u0xx_hal_rcc_ex.o
                0x0800a7a0                HAL_RCCEx_GetPLLClockFreq
 .text.HAL_RTC_Init
                0x0800a91c      0x14c ./Drivers/STM32U0xx_HAL_Driver/stm32u0xx_hal_rtc.o
                0x0800a91c                HAL_RTC_Init
 .text.HAL_RTC_SetTime
                0x0800aa68      0x180 ./Drivers/STM32U0xx_HAL_Driver/stm32u0xx_hal_rtc.o
                0x0800aa68                HAL_RTC_SetTime
 .text.HAL_RTC_GetTime
                0x0800abe8       0xc8 ./Drivers/STM32U0xx_HAL_Driver/stm32u0xx_hal_rtc.o
                0x0800abe8                HAL_RTC_GetTime
 .text.HAL_RTC_SetDate
                0x0800acb0      0x14c ./Drivers/STM32U0xx_HAL_Driver/stm32u0xx_hal_rtc.o
                0x0800acb0                HAL_RTC_SetDate
 .text.HAL_RTC_GetDate
                0x0800adfc       0x9c ./Drivers/STM32U0xx_HAL_Driver/stm32u0xx_hal_rtc.o
                0x0800adfc                HAL_RTC_GetDate
 .text.HAL_RTC_SetAlarm_IT
                0x0800ae98      0x220 ./Drivers/STM32U0xx_HAL_Driver/stm32u0xx_hal_rtc.o
                0x0800ae98                HAL_RTC_SetAlarm_IT
 .text.HAL_RTC_AlarmIRQHandler
                0x0800b0b8       0x50 ./Drivers/STM32U0xx_HAL_Driver/stm32u0xx_hal_rtc.o
                0x0800b0b8                HAL_RTC_AlarmIRQHandler
 .text.HAL_RTC_AlarmAEventCallback
                0x0800b108       0x10 ./Drivers/STM32U0xx_HAL_Driver/stm32u0xx_hal_rtc.o
                0x0800b108                HAL_RTC_AlarmAEventCallback
 .text.HAL_RTC_WaitForSynchro
                0x0800b118       0x4c ./Drivers/STM32U0xx_HAL_Driver/stm32u0xx_hal_rtc.o
                0x0800b118                HAL_RTC_WaitForSynchro
 .text.RTC_EnterInitMode
                0x0800b164       0x58 ./Drivers/STM32U0xx_HAL_Driver/stm32u0xx_hal_rtc.o
                0x0800b164                RTC_EnterInitMode
 .text.RTC_ByteToBcd2
                0x0800b1bc       0x50 ./Drivers/STM32U0xx_HAL_Driver/stm32u0xx_hal_rtc.o
                0x0800b1bc                RTC_ByteToBcd2
 .text.RTC_Bcd2ToByte
                0x0800b20c       0x3a ./Drivers/STM32U0xx_HAL_Driver/stm32u0xx_hal_rtc.o
                0x0800b20c                RTC_Bcd2ToByte
 .text.HAL_RTCEx_AlarmBEventCallback
                0x0800b246       0x10 ./Drivers/STM32U0xx_HAL_Driver/stm32u0xx_hal_rtc_ex.o
                0x0800b246                HAL_RTCEx_AlarmBEventCallback
 *fill*         0x0800b256        0x2 
 .text.HAL_UART_Init
                0x0800b258       0xac ./Drivers/STM32U0xx_HAL_Driver/stm32u0xx_hal_uart.o
                0x0800b258                HAL_UART_Init
 .text.UART_SetConfig
                0x0800b304      0x374 ./Drivers/STM32U0xx_HAL_Driver/stm32u0xx_hal_uart.o
                0x0800b304                UART_SetConfig
 .text.UART_AdvFeatureConfig
                0x0800b678      0x168 ./Drivers/STM32U0xx_HAL_Driver/stm32u0xx_hal_uart.o
                0x0800b678                UART_AdvFeatureConfig
 .text.UART_CheckIdleState
                0x0800b7e0      0x154 ./Drivers/STM32U0xx_HAL_Driver/stm32u0xx_hal_uart.o
                0x0800b7e0                UART_CheckIdleState
 .text.UART_WaitOnFlagUntilTimeout
                0x0800b934       0xde ./Drivers/STM32U0xx_HAL_Driver/stm32u0xx_hal_uart.o
                0x0800b934                UART_WaitOnFlagUntilTimeout
 *fill*         0x0800ba12        0x2 
 .text.UART_EndRxTransfer
                0x0800ba14       0xcc ./Drivers/STM32U0xx_HAL_Driver/stm32u0xx_hal_uart.o
 .text.HAL_UARTEx_DisableFifoMode
                0x0800bae0       0x74 ./Drivers/STM32U0xx_HAL_Driver/stm32u0xx_hal_uart_ex.o
                0x0800bae0                HAL_UARTEx_DisableFifoMode
 .text.HAL_UARTEx_SetTxFifoThreshold
                0x0800bb54       0x7e ./Drivers/STM32U0xx_HAL_Driver/stm32u0xx_hal_uart_ex.o
                0x0800bb54                HAL_UARTEx_SetTxFifoThreshold
 *fill*         0x0800bbd2        0x2 
 .text.HAL_UARTEx_SetRxFifoThreshold
                0x0800bbd4       0x84 ./Drivers/STM32U0xx_HAL_Driver/stm32u0xx_hal_uart_ex.o
                0x0800bbd4                HAL_UARTEx_SetRxFifoThreshold
 .text.UARTEx_SetNbDataToProcess
                0x0800bc58       0xbc ./Drivers/STM32U0xx_HAL_Driver/stm32u0xx_hal_uart_ex.o
 .text.memset   0x0800bd14       0x10 C:/ST/STM32CubeIDE_1.13.1/STM32CubeIDE/plugins/com.st.stm32cube.ide.mcu.externaltools.gnu-tools-for-stm32.13.3.rel1.win32_1.0.0.202411081344/tools/bin/../lib/gcc/arm-none-eabi/13.3.1/../../../../arm-none-eabi/lib/thumb/v6-m/nofp\libc_nano.a(libc_a-memset.o)
                0x0800bd14                memset
 .text.__libc_init_array
                0x0800bd24       0x48 C:/ST/STM32CubeIDE_1.13.1/STM32CubeIDE/plugins/com.st.stm32cube.ide.mcu.externaltools.gnu-tools-for-stm32.13.3.rel1.win32_1.0.0.202411081344/tools/bin/../lib/gcc/arm-none-eabi/13.3.1/../../../../arm-none-eabi/lib/thumb/v6-m/nofp\libc_nano.a(libc_a-init.o)
                0x0800bd24                __libc_init_array
 .text.memcpy   0x0800bd6c       0x12 C:/ST/STM32CubeIDE_1.13.1/STM32CubeIDE/plugins/com.st.stm32cube.ide.mcu.externaltools.gnu-tools-for-stm32.13.3.rel1.win32_1.0.0.202411081344/tools/bin/../lib/gcc/arm-none-eabi/13.3.1/../../../../arm-none-eabi/lib/thumb/v6-m/nofp\libc_nano.a(libc_a-memcpy-stub.o)
                0x0800bd6c                memcpy
 *(.glue_7)
 .glue_7        0x0800bd7e        0x0 linker stubs
 *(.glue_7t)
 .glue_7t       0x0800bd7e        0x0 linker stubs
 *(.eh_frame)
 *fill*         0x0800bd7e        0x2 
 .eh_frame      0x0800bd80        0x0 C:/ST/STM32CubeIDE_1.13.1/STM32CubeIDE/plugins/com.st.stm32cube.ide.mcu.externaltools.gnu-tools-for-stm32.13.3.rel1.win32_1.0.0.202411081344/tools/bin/../lib/gcc/arm-none-eabi/13.3.1/thumb/v6-m/nofp/crtbegin.o
 *(.init)
 .init          0x0800bd80        0x4 C:/ST/STM32CubeIDE_1.13.1/STM32CubeIDE/plugins/com.st.stm32cube.ide.mcu.externaltools.gnu-tools-for-stm32.13.3.rel1.win32_1.0.0.202411081344/tools/bin/../lib/gcc/arm-none-eabi/13.3.1/thumb/v6-m/nofp/crti.o
                0x0800bd80                _init
 .init          0x0800bd84        0x8 C:/ST/STM32CubeIDE_1.13.1/STM32CubeIDE/plugins/com.st.stm32cube.ide.mcu.externaltools.gnu-tools-for-stm32.13.3.rel1.win32_1.0.0.202411081344/tools/bin/../lib/gcc/arm-none-eabi/13.3.1/thumb/v6-m/nofp/crtn.o
 *(.fini)
 .fini          0x0800bd8c        0x4 C:/ST/STM32CubeIDE_1.13.1/STM32CubeIDE/plugins/com.st.stm32cube.ide.mcu.externaltools.gnu-tools-for-stm32.13.3.rel1.win32_1.0.0.202411081344/tools/bin/../lib/gcc/arm-none-eabi/13.3.1/thumb/v6-m/nofp/crti.o
                0x0800bd8c                _fini
 .fini          0x0800bd90        0x8 C:/ST/STM32CubeIDE_1.13.1/STM32CubeIDE/plugins/com.st.stm32cube.ide.mcu.externaltools.gnu-tools-for-stm32.13.3.rel1.win32_1.0.0.202411081344/tools/bin/../lib/gcc/arm-none-eabi/13.3.1/thumb/v6-m/nofp/crtn.o
                0x0800bd98                        . = ALIGN (0x4)
                0x0800bd98                        _etext = .

.vfp11_veneer   0x0800bd98        0x0
 .vfp11_veneer  0x0800bd98        0x0 linker stubs

.v4_bx          0x0800bd98        0x0
 .v4_bx         0x0800bd98        0x0 linker stubs

.iplt           0x0800bd98        0x0
 .iplt          0x0800bd98        0x0 C:/ST/STM32CubeIDE_1.13.1/STM32CubeIDE/plugins/com.st.stm32cube.ide.mcu.externaltools.gnu-tools-for-stm32.13.3.rel1.win32_1.0.0.202411081344/tools/bin/../lib/gcc/arm-none-eabi/13.3.1/thumb/v6-m/nofp/crtbegin.o

.rodata         0x0800bd98      0x1a4
                0x0800bd98                        . = ALIGN (0x4)
 *(.rodata)
 .rodata        0x0800bd98       0x7c C:/ST/STM32CubeIDE_1.13.1/STM32CubeIDE/plugins/com.st.stm32cube.ide.mcu.externaltools.gnu-tools-for-stm32.13.3.rel1.win32_1.0.0.202411081344/tools/bin/../lib/gcc/arm-none-eabi/13.3.1/thumb/v6-m/nofp\libgcc.a(divsf3.o)
 *(.rodata*)
 .rodata.Protocol_ProcessCommand
                0x0800be14       0x20 ./Core/Src/protocol.o
 .rodata.sths34pf80_odr_set
                0x0800be34       0x14 ./Core/Src/sths34pf80_reg.o
 .rodata.AHBPrescTable
                0x0800be48       0x10 ./Core/Src/system_stm32u0xx.o
                0x0800be48                AHBPrescTable
 .rodata.APBPrescTable
                0x0800be58        0x8 ./Core/Src/system_stm32u0xx.o
                0x0800be58                APBPrescTable
 .rodata.MSIRangeTable
                0x0800be60       0x30 ./Core/Src/system_stm32u0xx.o
                0x0800be60                MSIRangeTable
 .rodata.HAL_RCCEx_GetPeriphCLKFreq
                0x0800be90       0x84 ./Drivers/STM32U0xx_HAL_Driver/stm32u0xx_hal_rcc_ex.o
 .rodata.UARTPrescTable
                0x0800bf14       0x18 ./Drivers/STM32U0xx_HAL_Driver/stm32u0xx_hal_uart.o
                0x0800bf14                UARTPrescTable
 .rodata.numerator.1
                0x0800bf2c        0x8 ./Drivers/STM32U0xx_HAL_Driver/stm32u0xx_hal_uart_ex.o
 .rodata.denominator.0
                0x0800bf34        0x8 ./Drivers/STM32U0xx_HAL_Driver/stm32u0xx_hal_uart_ex.o
                0x0800bf3c                        . = ALIGN (0x4)

.ARM.extab      0x0800bf3c        0x0
                0x0800bf3c                        . = ALIGN (0x4)
 *(.ARM.extab* .gnu.linkonce.armextab.*)
                0x0800bf3c                        . = ALIGN (0x4)

.ARM            0x0800bf3c        0x8
                0x0800bf3c                        . = ALIGN (0x4)
                0x0800bf3c                        __exidx_start = .
 *(.ARM.exidx*)
 .ARM.exidx     0x0800bf3c        0x8 C:/ST/STM32CubeIDE_1.13.1/STM32CubeIDE/plugins/com.st.stm32cube.ide.mcu.externaltools.gnu-tools-for-stm32.13.3.rel1.win32_1.0.0.202411081344/tools/bin/../lib/gcc/arm-none-eabi/13.3.1/thumb/v6-m/nofp\libgcc.a(_udivmoddi4.o)
                0x0800bf44                        __exidx_end = .
                0x0800bf44                        . = ALIGN (0x4)

.preinit_array  0x0800bf44        0x0
                0x0800bf44                        . = ALIGN (0x4)
                0x0800bf44                        PROVIDE (__preinit_array_start = .)
 *(.preinit_array*)
                0x0800bf44                        PROVIDE (__preinit_array_end = .)
                0x0800bf44                        . = ALIGN (0x4)

.init_array     0x0800bf44        0x4
                0x0800bf44                        . = ALIGN (0x4)
                0x0800bf44                        PROVIDE (__init_array_start = .)
 *(SORT_BY_NAME(.init_array.*))
 *(.init_array*)
 .init_array    0x0800bf44        0x4 C:/ST/STM32CubeIDE_1.13.1/STM32CubeIDE/plugins/com.st.stm32cube.ide.mcu.externaltools.gnu-tools-for-stm32.13.3.rel1.win32_1.0.0.202411081344/tools/bin/../lib/gcc/arm-none-eabi/13.3.1/thumb/v6-m/nofp/crtbegin.o
                0x0800bf48                        PROVIDE (__init_array_end = .)
                0x0800bf48                        . = ALIGN (0x4)

.fini_array     0x0800bf48        0x4
                0x0800bf48                        . = ALIGN (0x4)
                [!provide]                        PROVIDE (__fini_array_start = .)
 *(SORT_BY_NAME(.fini_array.*))
 *(.fini_array*)
 .fini_array    0x0800bf48        0x4 C:/ST/STM32CubeIDE_1.13.1/STM32CubeIDE/plugins/com.st.stm32cube.ide.mcu.externaltools.gnu-tools-for-stm32.13.3.rel1.win32_1.0.0.202411081344/tools/bin/../lib/gcc/arm-none-eabi/13.3.1/thumb/v6-m/nofp/crtbegin.o
                [!provide]                        PROVIDE (__fini_array_end = .)
                0x0800bf4c                        . = ALIGN (0x4)
                0x0800bf4c                        _sidata = LOADADDR (.data)

.rel.dyn        0x0800bf4c        0x0
 .rel.iplt      0x0800bf4c        0x0 C:/ST/STM32CubeIDE_1.13.1/STM32CubeIDE/plugins/com.st.stm32cube.ide.mcu.externaltools.gnu-tools-for-stm32.13.3.rel1.win32_1.0.0.202411081344/tools/bin/../lib/gcc/arm-none-eabi/13.3.1/thumb/v6-m/nofp/crtbegin.o

.data           0x20000000       0x1c load address 0x0800bf4c
                0x20000000                        . = ALIGN (0x4)
                0x20000000                        _sdata = .
 *(.data)
 *(.data*)
 .data.acc_ths  0x20000000        0x1 ./Core/Src/acc_sensor.o
                0x20000000                acc_ths
 .data.txDataLen
                0x20000001        0x1 ./Core/Src/i2c_slave.o
 .data.expected_bytes
                0x20000002        0x1 ./Core/Src/i2c_slave.o
                0x20000002                expected_bytes
 *fill*         0x20000003        0x1 
 .data.ir_ths   0x20000004        0x2 ./Core/Src/ir_sensor.o
                0x20000004                ir_ths
 *fill*         0x20000006        0x2 
 .data.SystemCoreClock
                0x20000008        0x4 ./Core/Src/system_stm32u0xx.o
                0x20000008                SystemCoreClock
 .data.UBX_NAV_PVT_POLL
                0x2000000c        0x8 ./Core/Src/ublox.o
 .data.uwTickPrio
                0x20000014        0x4 ./Drivers/STM32U0xx_HAL_Driver/stm32u0xx_hal.o
                0x20000014                uwTickPrio
 .data.uwTickFreq
                0x20000018        0x1 ./Drivers/STM32U0xx_HAL_Driver/stm32u0xx_hal.o
                0x20000018                uwTickFreq
 *(.RamFunc)
 *(.RamFunc*)
                0x2000001c                        . = ALIGN (0x4)
 *fill*         0x20000019        0x3 
                0x2000001c                        _edata = .

.igot.plt       0x2000001c        0x0 load address 0x0800bf68
 .igot.plt      0x2000001c        0x0 C:/ST/STM32CubeIDE_1.13.1/STM32CubeIDE/plugins/com.st.stm32cube.ide.mcu.externaltools.gnu-tools-for-stm32.13.3.rel1.win32_1.0.0.202411081344/tools/bin/../lib/gcc/arm-none-eabi/13.3.1/thumb/v6-m/nofp/crtbegin.o
                0x2000001c                        . = ALIGN (0x4)

.bss            0x2000001c      0x2c4 load address 0x0800bf68
                0x2000001c                        _sbss = .
                0x2000001c                        __bss_start__ = _sbss
 *(.bss)
 .bss           0x2000001c       0x1c C:/ST/STM32CubeIDE_1.13.1/STM32CubeIDE/plugins/com.st.stm32cube.ide.mcu.externaltools.gnu-tools-for-stm32.13.3.rel1.win32_1.0.0.202411081344/tools/bin/../lib/gcc/arm-none-eabi/13.3.1/thumb/v6-m/nofp/crtbegin.o
 *(.bss*)
 .bss.ism330dhcx
                0x20000038       0x38 ./Core/Src/acc_sensor.o
 .bss.rxCommand
                0x20000070       0x23 ./Core/Src/i2c_slave.o
 *fill*         0x20000093        0x1 
 .bss.txResponse
                0x20000094       0x22 ./Core/Src/i2c_slave.o
 *fill*         0x200000b6        0x2 
 .bss.rxBuffer  0x200000b8       0x23 ./Core/Src/i2c_slave.o
 *fill*         0x200000db        0x1 
 .bss.txBuffer  0x200000dc       0x22 ./Core/Src/i2c_slave.o
 .bss.txReady   0x200000fe        0x1 ./Core/Src/i2c_slave.o
 .bss.i2cBusy   0x200000ff        0x1 ./Core/Src/i2c_slave.o
 .bss.rxcount   0x20000100        0x1 ./Core/Src/i2c_slave.o
                0x20000100                rxcount
 *fill*         0x20000101        0x3 
 .bss.ir_sensor_ctx
                0x20000104       0x14 ./Core/Src/ir_sensor.o
 .bss.IR_INT    0x20000118        0x1 ./Core/Src/main.o
                0x20000118                IR_INT
 .bss.ACC_INT   0x20000119        0x1 ./Core/Src/main.o
                0x20000119                ACC_INT
 .bss.MCU_INT   0x2000011a        0x1 ./Core/Src/main.o
                0x2000011a                MCU_INT
 *fill*         0x2000011b        0x1 
 .bss.hi2c1     0x2000011c       0x54 ./Core/Src/main.o
                0x2000011c                hi2c1
 .bss.hi2c2     0x20000170       0x54 ./Core/Src/main.o
                0x20000170                hi2c2
 .bss.hi2c3     0x200001c4       0x54 ./Core/Src/main.o
                0x200001c4                hi2c3
 .bss.hrtc      0x20000218       0x30 ./Core/Src/main.o
                0x20000218                hrtc
 .bss.huart3    0x20000248       0x94 ./Core/Src/main.o
                0x20000248                huart3
 .bss.uwTick    0x200002dc        0x4 ./Drivers/STM32U0xx_HAL_Driver/stm32u0xx_hal.o
                0x200002dc                uwTick
 *(COMMON)
                0x200002e0                        . = ALIGN (0x4)
                0x200002e0                        _ebss = .
                0x200002e0                        __bss_end__ = _ebss

._user_heap_stack
                0x200002e0      0x600 load address 0x0800bf68
                0x200002e0                        . = ALIGN (0x8)
                [!provide]                        PROVIDE (end = .)
                0x200002e0                        PROVIDE (_end = .)
                0x200004e0                        . = (. + _Min_Heap_Size)
 *fill*         0x200002e0      0x200 
                0x200008e0                        . = (. + _Min_Stack_Size)
 *fill*         0x200004e0      0x400 
                0x200008e0                        . = ALIGN (0x8)

/DISCARD/
 libc.a(*)
 libm.a(*)
 libgcc.a(*)

.ARM.attributes
                0x00000000       0x28
 *(.ARM.attributes)
 .ARM.attributes
                0x00000000       0x1e C:/ST/STM32CubeIDE_1.13.1/STM32CubeIDE/plugins/com.st.stm32cube.ide.mcu.externaltools.gnu-tools-for-stm32.13.3.rel1.win32_1.0.0.202411081344/tools/bin/../lib/gcc/arm-none-eabi/13.3.1/thumb/v6-m/nofp/crti.o
 .ARM.attributes
                0x0000001e       0x2c C:/ST/STM32CubeIDE_1.13.1/STM32CubeIDE/plugins/com.st.stm32cube.ide.mcu.externaltools.gnu-tools-for-stm32.13.3.rel1.win32_1.0.0.202411081344/tools/bin/../lib/gcc/arm-none-eabi/13.3.1/thumb/v6-m/nofp/crtbegin.o
 .ARM.attributes
                0x0000004a       0x2c ./Core/Src/acc_sensor.o
 .ARM.attributes
                0x00000076       0x2c ./Core/Src/bq2568.o
 .ARM.attributes
                0x000000a2       0x2c ./Core/Src/i2c_slave.o
 .ARM.attributes
                0x000000ce       0x2c ./Core/Src/ir_sensor.o
 .ARM.attributes
                0x000000fa       0x2c ./Core/Src/ism330dhcx.o
 .ARM.attributes
                0x00000126       0x2c ./Core/Src/ism330dhcx_reg.o
 .ARM.attributes
                0x00000152       0x2c ./Core/Src/main.o
 .ARM.attributes
                0x0000017e       0x2c ./Core/Src/protocol.o
 .ARM.attributes
                0x000001aa       0x2c ./Core/Src/rtc.o
 .ARM.attributes
                0x000001d6       0x2c ./Core/Src/sths34pf80_reg.o
 .ARM.attributes
                0x00000202       0x2c ./Core/Src/stm32u0xx_hal_msp.o
 .ARM.attributes
                0x0000022e       0x2c ./Core/Src/stm32u0xx_it.o
 .ARM.attributes
                0x0000025a       0x2c ./Core/Src/system_stm32u0xx.o
 .ARM.attributes
                0x00000286       0x2c ./Core/Src/ublox.o
 .ARM.attributes
                0x000002b2       0x22 ./Core/Startup/startup_stm32u031c8ux.o
 .ARM.attributes
                0x000002d4       0x2c ./Drivers/STM32U0xx_HAL_Driver/stm32u0xx_hal.o
 .ARM.attributes
                0x00000300       0x2c ./Drivers/STM32U0xx_HAL_Driver/stm32u0xx_hal_cortex.o
 .ARM.attributes
                0x0000032c       0x2c ./Drivers/STM32U0xx_HAL_Driver/stm32u0xx_hal_dma.o
 .ARM.attributes
                0x00000358       0x2c ./Drivers/STM32U0xx_HAL_Driver/stm32u0xx_hal_flash.o
 .ARM.attributes
                0x00000384       0x2c ./Drivers/STM32U0xx_HAL_Driver/stm32u0xx_hal_gpio.o
 .ARM.attributes
                0x000003b0       0x2c ./Drivers/STM32U0xx_HAL_Driver/stm32u0xx_hal_i2c.o
 .ARM.attributes
                0x000003dc       0x2c ./Drivers/STM32U0xx_HAL_Driver/stm32u0xx_hal_i2c_ex.o
 .ARM.attributes
                0x00000408       0x2c ./Drivers/STM32U0xx_HAL_Driver/stm32u0xx_hal_pwr_ex.o
 .ARM.attributes
                0x00000434       0x2c ./Drivers/STM32U0xx_HAL_Driver/stm32u0xx_hal_rcc.o
 .ARM.attributes
                0x00000460       0x2c ./Drivers/STM32U0xx_HAL_Driver/stm32u0xx_hal_rcc_ex.o
 .ARM.attributes
                0x0000048c       0x2c ./Drivers/STM32U0xx_HAL_Driver/stm32u0xx_hal_rtc.o
 .ARM.attributes
                0x000004b8       0x2c ./Drivers/STM32U0xx_HAL_Driver/stm32u0xx_hal_rtc_ex.o
 .ARM.attributes
                0x000004e4       0x2c ./Drivers/STM32U0xx_HAL_Driver/stm32u0xx_hal_uart.o
 .ARM.attributes
                0x00000510       0x2c ./Drivers/STM32U0xx_HAL_Driver/stm32u0xx_hal_uart_ex.o
 .ARM.attributes
                0x0000053c       0x2c C:/ST/STM32CubeIDE_1.13.1/STM32CubeIDE/plugins/com.st.stm32cube.ide.mcu.externaltools.gnu-tools-for-stm32.13.3.rel1.win32_1.0.0.202411081344/tools/bin/../lib/gcc/arm-none-eabi/13.3.1/../../../../arm-none-eabi/lib/thumb/v6-m/nofp\libc_nano.a(libc_a-memset.o)
 .ARM.attributes
                0x00000568       0x2c C:/ST/STM32CubeIDE_1.13.1/STM32CubeIDE/plugins/com.st.stm32cube.ide.mcu.externaltools.gnu-tools-for-stm32.13.3.rel1.win32_1.0.0.202411081344/tools/bin/../lib/gcc/arm-none-eabi/13.3.1/../../../../arm-none-eabi/lib/thumb/v6-m/nofp\libc_nano.a(libc_a-init.o)
 .ARM.attributes
                0x00000594       0x2c C:/ST/STM32CubeIDE_1.13.1/STM32CubeIDE/plugins/com.st.stm32cube.ide.mcu.externaltools.gnu-tools-for-stm32.13.3.rel1.win32_1.0.0.202411081344/tools/bin/../lib/gcc/arm-none-eabi/13.3.1/../../../../arm-none-eabi/lib/thumb/v6-m/nofp\libc_nano.a(libc_a-memcpy-stub.o)
 .ARM.attributes
                0x000005c0       0x1e C:/ST/STM32CubeIDE_1.13.1/STM32CubeIDE/plugins/com.st.stm32cube.ide.mcu.externaltools.gnu-tools-for-stm32.13.3.rel1.win32_1.0.0.202411081344/tools/bin/../lib/gcc/arm-none-eabi/13.3.1/thumb/v6-m/nofp\libgcc.a(_udivsi3.o)
 .ARM.attributes
                0x000005de       0x1e C:/ST/STM32CubeIDE_1.13.1/STM32CubeIDE/plugins/com.st.stm32cube.ide.mcu.externaltools.gnu-tools-for-stm32.13.3.rel1.win32_1.0.0.202411081344/tools/bin/../lib/gcc/arm-none-eabi/13.3.1/thumb/v6-m/nofp\libgcc.a(_divsi3.o)
 .ARM.attributes
                0x000005fc       0x1e C:/ST/STM32CubeIDE_1.13.1/STM32CubeIDE/plugins/com.st.stm32cube.ide.mcu.externaltools.gnu-tools-for-stm32.13.3.rel1.win32_1.0.0.202411081344/tools/bin/../lib/gcc/arm-none-eabi/13.3.1/thumb/v6-m/nofp\libgcc.a(_dvmd_tls.o)
 .ARM.attributes
                0x0000061a       0x1e C:/ST/STM32CubeIDE_1.13.1/STM32CubeIDE/plugins/com.st.stm32cube.ide.mcu.externaltools.gnu-tools-for-stm32.13.3.rel1.win32_1.0.0.202411081344/tools/bin/../lib/gcc/arm-none-eabi/13.3.1/thumb/v6-m/nofp\libgcc.a(_arm_cmpsf2.o)
 .ARM.attributes
                0x00000638       0x1e C:/ST/STM32CubeIDE_1.13.1/STM32CubeIDE/plugins/com.st.stm32cube.ide.mcu.externaltools.gnu-tools-for-stm32.13.3.rel1.win32_1.0.0.202411081344/tools/bin/../lib/gcc/arm-none-eabi/13.3.1/thumb/v6-m/nofp\libgcc.a(_aeabi_uldivmod.o)
 .ARM.attributes
                0x00000656       0x2c C:/ST/STM32CubeIDE_1.13.1/STM32CubeIDE/plugins/com.st.stm32cube.ide.mcu.externaltools.gnu-tools-for-stm32.13.3.rel1.win32_1.0.0.202411081344/tools/bin/../lib/gcc/arm-none-eabi/13.3.1/thumb/v6-m/nofp\libgcc.a(_fixunssfsi.o)
 .ARM.attributes
                0x00000682       0x2c C:/ST/STM32CubeIDE_1.13.1/STM32CubeIDE/plugins/com.st.stm32cube.ide.mcu.externaltools.gnu-tools-for-stm32.13.3.rel1.win32_1.0.0.202411081344/tools/bin/../lib/gcc/arm-none-eabi/13.3.1/thumb/v6-m/nofp\libgcc.a(_udivmoddi4.o)
 .ARM.attributes
                0x000006ae       0x2c C:/ST/STM32CubeIDE_1.13.1/STM32CubeIDE/plugins/com.st.stm32cube.ide.mcu.externaltools.gnu-tools-for-stm32.13.3.rel1.win32_1.0.0.202411081344/tools/bin/../lib/gcc/arm-none-eabi/13.3.1/thumb/v6-m/nofp\libgcc.a(divsf3.o)
 .ARM.attributes
                0x000006da       0x2c C:/ST/STM32CubeIDE_1.13.1/STM32CubeIDE/plugins/com.st.stm32cube.ide.mcu.externaltools.gnu-tools-for-stm32.13.3.rel1.win32_1.0.0.202411081344/tools/bin/../lib/gcc/arm-none-eabi/13.3.1/thumb/v6-m/nofp\libgcc.a(eqsf2.o)
 .ARM.attributes
                0x00000706       0x2c C:/ST/STM32CubeIDE_1.13.1/STM32CubeIDE/plugins/com.st.stm32cube.ide.mcu.externaltools.gnu-tools-for-stm32.13.3.rel1.win32_1.0.0.202411081344/tools/bin/../lib/gcc/arm-none-eabi/13.3.1/thumb/v6-m/nofp\libgcc.a(gesf2.o)
 .ARM.attributes
                0x00000732       0x2c C:/ST/STM32CubeIDE_1.13.1/STM32CubeIDE/plugins/com.st.stm32cube.ide.mcu.externaltools.gnu-tools-for-stm32.13.3.rel1.win32_1.0.0.202411081344/tools/bin/../lib/gcc/arm-none-eabi/13.3.1/thumb/v6-m/nofp\libgcc.a(lesf2.o)
 .ARM.attributes
                0x0000075e       0x2c C:/ST/STM32CubeIDE_1.13.1/STM32CubeIDE/plugins/com.st.stm32cube.ide.mcu.externaltools.gnu-tools-for-stm32.13.3.rel1.win32_1.0.0.202411081344/tools/bin/../lib/gcc/arm-none-eabi/13.3.1/thumb/v6-m/nofp\libgcc.a(mulsf3.o)
 .ARM.attributes
                0x0000078a       0x2c C:/ST/STM32CubeIDE_1.13.1/STM32CubeIDE/plugins/com.st.stm32cube.ide.mcu.externaltools.gnu-tools-for-stm32.13.3.rel1.win32_1.0.0.202411081344/tools/bin/../lib/gcc/arm-none-eabi/13.3.1/thumb/v6-m/nofp\libgcc.a(subsf3.o)
 .ARM.attributes
                0x000007b6       0x2c C:/ST/STM32CubeIDE_1.13.1/STM32CubeIDE/plugins/com.st.stm32cube.ide.mcu.externaltools.gnu-tools-for-stm32.13.3.rel1.win32_1.0.0.202411081344/tools/bin/../lib/gcc/arm-none-eabi/13.3.1/thumb/v6-m/nofp\libgcc.a(fixsfsi.o)
 .ARM.attributes
                0x000007e2       0x2c C:/ST/STM32CubeIDE_1.13.1/STM32CubeIDE/plugins/com.st.stm32cube.ide.mcu.externaltools.gnu-tools-for-stm32.13.3.rel1.win32_1.0.0.202411081344/tools/bin/../lib/gcc/arm-none-eabi/13.3.1/thumb/v6-m/nofp\libgcc.a(floatsisf.o)
 .ARM.attributes
                0x0000080e       0x1e C:/ST/STM32CubeIDE_1.13.1/STM32CubeIDE/plugins/com.st.stm32cube.ide.mcu.externaltools.gnu-tools-for-stm32.13.3.rel1.win32_1.0.0.202411081344/tools/bin/../lib/gcc/arm-none-eabi/13.3.1/thumb/v6-m/nofp\libgcc.a(_clzsi2.o)
 .ARM.attributes
                0x0000082c       0x1e C:/ST/STM32CubeIDE_1.13.1/STM32CubeIDE/plugins/com.st.stm32cube.ide.mcu.externaltools.gnu-tools-for-stm32.13.3.rel1.win32_1.0.0.202411081344/tools/bin/../lib/gcc/arm-none-eabi/13.3.1/thumb/v6-m/nofp\libgcc.a(_clzdi2.o)
 .ARM.attributes
                0x0000084a       0x1e C:/ST/STM32CubeIDE_1.13.1/STM32CubeIDE/plugins/com.st.stm32cube.ide.mcu.externaltools.gnu-tools-for-stm32.13.3.rel1.win32_1.0.0.202411081344/tools/bin/../lib/gcc/arm-none-eabi/13.3.1/thumb/v6-m/nofp/crtn.o
OUTPUT(AIOT.elf elf32-littlearm)
LOAD linker stubs
LOAD C:/ST/STM32CubeIDE_1.13.1/STM32CubeIDE/plugins/com.st.stm32cube.ide.mcu.externaltools.gnu-tools-for-stm32.13.3.rel1.win32_1.0.0.202411081344/tools/bin/../lib/gcc/arm-none-eabi/13.3.1/../../../../arm-none-eabi/lib/thumb/v6-m/nofp\libc.a
LOAD C:/ST/STM32CubeIDE_1.13.1/STM32CubeIDE/plugins/com.st.stm32cube.ide.mcu.externaltools.gnu-tools-for-stm32.13.3.rel1.win32_1.0.0.202411081344/tools/bin/../lib/gcc/arm-none-eabi/13.3.1/../../../../arm-none-eabi/lib/thumb/v6-m/nofp\libm.a
LOAD C:/ST/STM32CubeIDE_1.13.1/STM32CubeIDE/plugins/com.st.stm32cube.ide.mcu.externaltools.gnu-tools-for-stm32.13.3.rel1.win32_1.0.0.202411081344/tools/bin/../lib/gcc/arm-none-eabi/13.3.1/thumb/v6-m/nofp\libgcc.a

.debug_info     0x00000000    0x2a897
 .debug_info    0x00000000     0x11b5 ./Core/Src/acc_sensor.o
 .debug_info    0x000011b5      0xc17 ./Core/Src/bq2568.o
 .debug_info    0x00001dcc      0x99b ./Core/Src/i2c_slave.o
 .debug_info    0x00002767      0xeb0 ./Core/Src/ir_sensor.o
 .debug_info    0x00003617     0x612d ./Core/Src/ism330dhcx.o
 .debug_info    0x00009744     0xabb6 ./Core/Src/ism330dhcx_reg.o
 .debug_info    0x000142fa     0x1be1 ./Core/Src/main.o
 .debug_info    0x00015edb      0x9da ./Core/Src/protocol.o
 .debug_info    0x000168b5      0x5e2 ./Core/Src/rtc.o
 .debug_info    0x00016e97     0x20f1 ./Core/Src/sths34pf80_reg.o
 .debug_info    0x00018f88     0x14fb ./Core/Src/stm32u0xx_hal_msp.o
 .debug_info    0x0001a483      0xa8a ./Core/Src/stm32u0xx_it.o
 .debug_info    0x0001af0d      0x66c ./Core/Src/system_stm32u0xx.o
 .debug_info    0x0001b579      0xb82 ./Core/Src/ublox.o
 .debug_info    0x0001c0fb       0x30 ./Core/Startup/startup_stm32u031c8ux.o
 .debug_info    0x0001c12b      0x9b5 ./Drivers/STM32U0xx_HAL_Driver/stm32u0xx_hal.o
 .debug_info    0x0001cae0      0x8e3 ./Drivers/STM32U0xx_HAL_Driver/stm32u0xx_hal_cortex.o
 .debug_info    0x0001d3c3      0x872 ./Drivers/STM32U0xx_HAL_Driver/stm32u0xx_hal_dma.o
 .debug_info    0x0001dc35      0x6d2 ./Drivers/STM32U0xx_HAL_Driver/stm32u0xx_hal_flash.o
 .debug_info    0x0001e307      0x590 ./Drivers/STM32U0xx_HAL_Driver/stm32u0xx_hal_gpio.o
 .debug_info    0x0001e897     0x21ac ./Drivers/STM32U0xx_HAL_Driver/stm32u0xx_hal_i2c.o
 .debug_info    0x00020a43      0x7d6 ./Drivers/STM32U0xx_HAL_Driver/stm32u0xx_hal_i2c_ex.o
 .debug_info    0x00021219      0x7ed ./Drivers/STM32U0xx_HAL_Driver/stm32u0xx_hal_pwr_ex.o
 .debug_info    0x00021a06      0xc5d ./Drivers/STM32U0xx_HAL_Driver/stm32u0xx_hal_rcc.o
 .debug_info    0x00022663      0xc1d ./Drivers/STM32U0xx_HAL_Driver/stm32u0xx_hal_rcc_ex.o
 .debug_info    0x00023280      0xca3 ./Drivers/STM32U0xx_HAL_Driver/stm32u0xx_hal_rtc.o
 .debug_info    0x00023f23     0x12fd ./Drivers/STM32U0xx_HAL_Driver/stm32u0xx_hal_rtc_ex.o
 .debug_info    0x00025220     0x46e1 ./Drivers/STM32U0xx_HAL_Driver/stm32u0xx_hal_uart.o
 .debug_info    0x00029901      0xf96 ./Drivers/STM32U0xx_HAL_Driver/stm32u0xx_hal_uart_ex.o

.debug_abbrev   0x00000000     0x434d
 .debug_abbrev  0x00000000      0x2ed ./Core/Src/acc_sensor.o
 .debug_abbrev  0x000002ed      0x265 ./Core/Src/bq2568.o
 .debug_abbrev  0x00000552      0x1ea ./Core/Src/i2c_slave.o
 .debug_abbrev  0x0000073c      0x2ee ./Core/Src/ir_sensor.o
 .debug_abbrev  0x00000a2a      0x31a ./Core/Src/ism330dhcx.o
 .debug_abbrev  0x00000d44      0x235 ./Core/Src/ism330dhcx_reg.o
 .debug_abbrev  0x00000f79      0x3c9 ./Core/Src/main.o
 .debug_abbrev  0x00001342      0x263 ./Core/Src/protocol.o
 .debug_abbrev  0x000015a5      0x177 ./Core/Src/rtc.o
 .debug_abbrev  0x0000171c      0x24b ./Core/Src/sths34pf80_reg.o
 .debug_abbrev  0x00001967      0x23b ./Core/Src/stm32u0xx_hal_msp.o
 .debug_abbrev  0x00001ba2      0x1b4 ./Core/Src/stm32u0xx_it.o
 .debug_abbrev  0x00001d56      0x117 ./Core/Src/system_stm32u0xx.o
 .debug_abbrev  0x00001e6d      0x22b ./Core/Src/ublox.o
 .debug_abbrev  0x00002098       0x24 ./Core/Startup/startup_stm32u031c8ux.o
 .debug_abbrev  0x000020bc      0x2ce ./Drivers/STM32U0xx_HAL_Driver/stm32u0xx_hal.o
 .debug_abbrev  0x0000238a      0x2ab ./Drivers/STM32U0xx_HAL_Driver/stm32u0xx_hal_cortex.o
 .debug_abbrev  0x00002635      0x214 ./Drivers/STM32U0xx_HAL_Driver/stm32u0xx_hal_dma.o
 .debug_abbrev  0x00002849      0x2f8 ./Drivers/STM32U0xx_HAL_Driver/stm32u0xx_hal_flash.o
 .debug_abbrev  0x00002b41      0x1c8 ./Drivers/STM32U0xx_HAL_Driver/stm32u0xx_hal_gpio.o
 .debug_abbrev  0x00002d09      0x293 ./Drivers/STM32U0xx_HAL_Driver/stm32u0xx_hal_i2c.o
 .debug_abbrev  0x00002f9c      0x1bf ./Drivers/STM32U0xx_HAL_Driver/stm32u0xx_hal_i2c_ex.o
 .debug_abbrev  0x0000315b      0x212 ./Drivers/STM32U0xx_HAL_Driver/stm32u0xx_hal_pwr_ex.o
 .debug_abbrev  0x0000336d      0x2d7 ./Drivers/STM32U0xx_HAL_Driver/stm32u0xx_hal_rcc.o
 .debug_abbrev  0x00003644      0x28e ./Drivers/STM32U0xx_HAL_Driver/stm32u0xx_hal_rcc_ex.o
 .debug_abbrev  0x000038d2      0x226 ./Drivers/STM32U0xx_HAL_Driver/stm32u0xx_hal_rtc.o
 .debug_abbrev  0x00003af8      0x24c ./Drivers/STM32U0xx_HAL_Driver/stm32u0xx_hal_rtc_ex.o
 .debug_abbrev  0x00003d44      0x323 ./Drivers/STM32U0xx_HAL_Driver/stm32u0xx_hal_uart.o
 .debug_abbrev  0x00004067      0x2e6 ./Drivers/STM32U0xx_HAL_Driver/stm32u0xx_hal_uart_ex.o

.debug_aranges  0x00000000     0x2280
 .debug_aranges
                0x00000000       0x58 ./Core/Src/acc_sensor.o
 .debug_aranges
                0x00000058       0xb0 ./Core/Src/bq2568.o
 .debug_aranges
                0x00000108       0x40 ./Core/Src/i2c_slave.o
 .debug_aranges
                0x00000148       0x98 ./Core/Src/ir_sensor.o
 .debug_aranges
                0x000001e0      0x338 ./Core/Src/ism330dhcx.o
 .debug_aranges
                0x00000518      0xa40 ./Core/Src/ism330dhcx_reg.o
 .debug_aranges
                0x00000f58       0xa8 ./Core/Src/main.o
 .debug_aranges
                0x00001000       0x80 ./Core/Src/protocol.o
 .debug_aranges
                0x00001080       0x38 ./Core/Src/rtc.o
 .debug_aranges
                0x000010b8      0x250 ./Core/Src/sths34pf80_reg.o
 .debug_aranges
                0x00001308       0x50 ./Core/Src/stm32u0xx_hal_msp.o
 .debug_aranges
                0x00001358       0x60 ./Core/Src/stm32u0xx_it.o
 .debug_aranges
                0x000013b8       0x28 ./Core/Src/system_stm32u0xx.o
 .debug_aranges
                0x000013e0       0x40 ./Core/Src/ublox.o
 .debug_aranges
                0x00001420       0x28 ./Core/Startup/startup_stm32u031c8ux.o
 .debug_aranges
                0x00001448      0x130 ./Drivers/STM32U0xx_HAL_Driver/stm32u0xx_hal.o
 .debug_aranges
                0x00001578       0xe8 ./Drivers/STM32U0xx_HAL_Driver/stm32u0xx_hal_cortex.o
 .debug_aranges
                0x00001660       0x90 ./Drivers/STM32U0xx_HAL_Driver/stm32u0xx_hal_dma.o
 .debug_aranges
                0x000016f0       0x88 ./Drivers/STM32U0xx_HAL_Driver/stm32u0xx_hal_flash.o
 .debug_aranges
                0x00001778       0x60 ./Drivers/STM32U0xx_HAL_Driver/stm32u0xx_hal_gpio.o
 .debug_aranges
                0x000017d8      0x2a0 ./Drivers/STM32U0xx_HAL_Driver/stm32u0xx_hal_i2c.o
 .debug_aranges
                0x00001a78       0x40 ./Drivers/STM32U0xx_HAL_Driver/stm32u0xx_hal_i2c_ex.o
 .debug_aranges
                0x00001ab8      0x108 ./Drivers/STM32U0xx_HAL_Driver/stm32u0xx_hal_pwr_ex.o
 .debug_aranges
                0x00001bc0       0x88 ./Drivers/STM32U0xx_HAL_Driver/stm32u0xx_hal_rcc.o
 .debug_aranges
                0x00001c48       0xa8 ./Drivers/STM32U0xx_HAL_Driver/stm32u0xx_hal_rcc_ex.o
 .debug_aranges
                0x00001cf0       0xe8 ./Drivers/STM32U0xx_HAL_Driver/stm32u0xx_hal_rtc.o
 .debug_aranges
                0x00001dd8      0x1b8 ./Drivers/STM32U0xx_HAL_Driver/stm32u0xx_hal_rtc_ex.o
 .debug_aranges
                0x00001f90      0x248 ./Drivers/STM32U0xx_HAL_Driver/stm32u0xx_hal_uart.o
 .debug_aranges
                0x000021d8       0xa8 ./Drivers/STM32U0xx_HAL_Driver/stm32u0xx_hal_uart_ex.o

.debug_rnglists
                0x00000000     0x1ab6
 .debug_rnglists
                0x00000000       0x3e ./Core/Src/acc_sensor.o
 .debug_rnglists
                0x0000003e       0x80 ./Core/Src/bq2568.o
 .debug_rnglists
                0x000000be       0x2d ./Core/Src/i2c_slave.o
 .debug_rnglists
                0x000000eb       0x6e ./Core/Src/ir_sensor.o
 .debug_rnglists
                0x00000159      0x285 ./Core/Src/ism330dhcx.o
 .debug_rnglists
                0x000003de      0x7f7 ./Core/Src/ism330dhcx_reg.o
 .debug_rnglists
                0x00000bd5       0x80 ./Core/Src/main.o
 .debug_rnglists
                0x00000c55       0x5c ./Core/Src/protocol.o
 .debug_rnglists
                0x00000cb1       0x25 ./Core/Src/rtc.o
 .debug_rnglists
                0x00000cd6      0x1cf ./Core/Src/sths34pf80_reg.o
 .debug_rnglists
                0x00000ea5       0x3b ./Core/Src/stm32u0xx_hal_msp.o
 .debug_rnglists
                0x00000ee0       0x43 ./Core/Src/stm32u0xx_it.o
 .debug_rnglists
                0x00000f23       0x1a ./Core/Src/system_stm32u0xx.o
 .debug_rnglists
                0x00000f3d       0x2d ./Core/Src/ublox.o
 .debug_rnglists
                0x00000f6a       0x19 ./Core/Startup/startup_stm32u031c8ux.o
 .debug_rnglists
                0x00000f83       0xe0 ./Drivers/STM32U0xx_HAL_Driver/stm32u0xx_hal.o
 .debug_rnglists
                0x00001063       0xaa ./Drivers/STM32U0xx_HAL_Driver/stm32u0xx_hal_cortex.o
 .debug_rnglists
                0x0000110d       0x72 ./Drivers/STM32U0xx_HAL_Driver/stm32u0xx_hal_dma.o
 .debug_rnglists
                0x0000117f       0x66 ./Drivers/STM32U0xx_HAL_Driver/stm32u0xx_hal_flash.o
 .debug_rnglists
                0x000011e5       0x45 ./Drivers/STM32U0xx_HAL_Driver/stm32u0xx_hal_gpio.o
 .debug_rnglists
                0x0000122a      0x229 ./Drivers/STM32U0xx_HAL_Driver/stm32u0xx_hal_i2c.o
 .debug_rnglists
                0x00001453       0x30 ./Drivers/STM32U0xx_HAL_Driver/stm32u0xx_hal_i2c_ex.o
 .debug_rnglists
                0x00001483       0xc8 ./Drivers/STM32U0xx_HAL_Driver/stm32u0xx_hal_pwr_ex.o
 .debug_rnglists
                0x0000154b       0x68 ./Drivers/STM32U0xx_HAL_Driver/stm32u0xx_hal_rcc.o
 .debug_rnglists
                0x000015b3       0x81 ./Drivers/STM32U0xx_HAL_Driver/stm32u0xx_hal_rcc_ex.o
 .debug_rnglists
                0x00001634       0xb4 ./Drivers/STM32U0xx_HAL_Driver/stm32u0xx_hal_rtc.o
 .debug_rnglists
                0x000016e8      0x151 ./Drivers/STM32U0xx_HAL_Driver/stm32u0xx_hal_rtc_ex.o
 .debug_rnglists
                0x00001839      0x1fd ./Drivers/STM32U0xx_HAL_Driver/stm32u0xx_hal_uart.o
 .debug_rnglists
                0x00001a36       0x80 ./Drivers/STM32U0xx_HAL_Driver/stm32u0xx_hal_uart_ex.o

.debug_macro    0x00000000    0x1cfb4
 .debug_macro   0x00000000      0x313 ./Core/Src/acc_sensor.o
 .debug_macro   0x00000313      0xaae ./Core/Src/acc_sensor.o
 .debug_macro   0x00000dc1       0x22 ./Core/Src/acc_sensor.o
 .debug_macro   0x00000de3       0x8e ./Core/Src/acc_sensor.o
 .debug_macro   0x00000e71       0x51 ./Core/Src/acc_sensor.o
 .debug_macro   0x00000ec2      0x103 ./Core/Src/acc_sensor.o
 .debug_macro   0x00000fc5       0x6a ./Core/Src/acc_sensor.o
 .debug_macro   0x0000102f      0x1df ./Core/Src/acc_sensor.o
 .debug_macro   0x0000120e      0x190 ./Core/Src/acc_sensor.o
 .debug_macro   0x0000139e       0x61 ./Core/Src/acc_sensor.o
 .debug_macro   0x000013ff       0x24 ./Core/Src/acc_sensor.o
 .debug_macro   0x00001423       0x43 ./Core/Src/acc_sensor.o
 .debug_macro   0x00001466       0x34 ./Core/Src/acc_sensor.o
 .debug_macro   0x0000149a      0x370 ./Core/Src/acc_sensor.o
 .debug_macro   0x0000180a       0x16 ./Core/Src/acc_sensor.o
 .debug_macro   0x00001820       0x4a ./Core/Src/acc_sensor.o
 .debug_macro   0x0000186a       0x34 ./Core/Src/acc_sensor.o
 .debug_macro   0x0000189e       0x10 ./Core/Src/acc_sensor.o
 .debug_macro   0x000018ae       0x58 ./Core/Src/acc_sensor.o
 .debug_macro   0x00001906       0x8e ./Core/Src/acc_sensor.o
 .debug_macro   0x00001994       0x1c ./Core/Src/acc_sensor.o
 .debug_macro   0x000019b0      0x185 ./Core/Src/acc_sensor.o
 .debug_macro   0x00001b35      0x19b ./Core/Src/acc_sensor.o
 .debug_macro   0x00001cd0      0x5b5 ./Core/Src/acc_sensor.o
 .debug_macro   0x00002285       0x16 ./Core/Src/acc_sensor.o
 .debug_macro   0x0000229b       0x3c ./Core/Src/acc_sensor.o
 .debug_macro   0x000022d7       0x20 ./Core/Src/acc_sensor.o
 .debug_macro   0x000022f7       0x6d ./Core/Src/acc_sensor.o
 .debug_macro   0x00002364      0x11e ./Core/Src/acc_sensor.o
 .debug_macro   0x00002482       0x2e ./Core/Src/acc_sensor.o
 .debug_macro   0x000024b0       0x28 ./Core/Src/acc_sensor.o
 .debug_macro   0x000024d8       0x1c ./Core/Src/acc_sensor.o
 .debug_macro   0x000024f4       0x22 ./Core/Src/acc_sensor.o
 .debug_macro   0x00002516       0xd1 ./Core/Src/acc_sensor.o
 .debug_macro   0x000025e7      0x4da ./Core/Src/acc_sensor.o
 .debug_macro   0x00002ac1      0x11f ./Core/Src/acc_sensor.o
 .debug_macro   0x00002be0     0xdbe3 ./Core/Src/acc_sensor.o
 .debug_macro   0x000107c3       0x6c ./Core/Src/acc_sensor.o
 .debug_macro   0x0001082f     0x3463 ./Core/Src/acc_sensor.o
 .debug_macro   0x00013c92       0x4e ./Core/Src/acc_sensor.o
 .debug_macro   0x00013ce0     0x11c3 ./Core/Src/acc_sensor.o
 .debug_macro   0x00014ea3      0x31a ./Core/Src/acc_sensor.o
 .debug_macro   0x000151bd      0x1cf ./Core/Src/acc_sensor.o
 .debug_macro   0x0001538c      0x11c ./Core/Src/acc_sensor.o
 .debug_macro   0x000154a8      0x432 ./Core/Src/acc_sensor.o
 .debug_macro   0x000158da      0x280 ./Core/Src/acc_sensor.o
 .debug_macro   0x00015b5a      0x3c3 ./Core/Src/acc_sensor.o
 .debug_macro   0x00015f1d      0x1a5 ./Core/Src/acc_sensor.o
 .debug_macro   0x000160c2       0x43 ./Core/Src/acc_sensor.o
 .debug_macro   0x00016105      0x1f1 ./Core/Src/acc_sensor.o
 .debug_macro   0x000162f6      0x1b6 ./Core/Src/acc_sensor.o
 .debug_macro   0x000164ac      0x359 ./Core/Src/acc_sensor.o
 .debug_macro   0x00016805       0x2e ./Core/Src/acc_sensor.o
 .debug_macro   0x00016833       0xe4 ./Core/Src/acc_sensor.o
 .debug_macro   0x00016917      0x22c ./Core/Src/acc_sensor.o
 .debug_macro   0x00016b43       0x36 ./Core/Src/acc_sensor.o
 .debug_macro   0x00016b79       0xa5 ./Core/Src/acc_sensor.o
 .debug_macro   0x00016c1e      0x128 ./Core/Src/acc_sensor.o
 .debug_macro   0x00016d46      0x34b ./Core/Src/acc_sensor.o
 .debug_macro   0x00017091      0x336 ./Core/Src/acc_sensor.o
 .debug_macro   0x000173c7      0x65f ./Core/Src/acc_sensor.o
 .debug_macro   0x00017a26       0xe4 ./Core/Src/acc_sensor.o
 .debug_macro   0x00017b0a      0x693 ./Core/Src/acc_sensor.o
 .debug_macro   0x0001819d       0xa6 ./Core/Src/acc_sensor.o
 .debug_macro   0x00018243      0x53d ./Core/Src/acc_sensor.o
 .debug_macro   0x00018780       0xc4 ./Core/Src/acc_sensor.o
 .debug_macro   0x00018844       0x22 ./Core/Src/acc_sensor.o
 .debug_macro   0x00018866      0x20c ./Core/Src/bq2568.o
 .debug_macro   0x00018a72       0x5a ./Core/Src/bq2568.o
 .debug_macro   0x00018acc       0xe8 ./Core/Src/bq2568.o
 .debug_macro   0x00018bb4      0x3a6 ./Core/Src/i2c_slave.o
 .debug_macro   0x00018f5a       0x10 ./Core/Src/i2c_slave.o
 .debug_macro   0x00018f6a       0x1c ./Core/Src/i2c_slave.o
 .debug_macro   0x00018f86       0x10 ./Core/Src/i2c_slave.o
 .debug_macro   0x00018f96       0x1c ./Core/Src/i2c_slave.o
 .debug_macro   0x00018fb2       0x16 ./Core/Src/i2c_slave.o
 .debug_macro   0x00018fc8      0x146 ./Core/Src/i2c_slave.o
 .debug_macro   0x0001910e      0x132 ./Core/Src/i2c_slave.o
 .debug_macro   0x00019240      0x583 ./Core/Src/i2c_slave.o
 .debug_macro   0x000197c3       0x22 ./Core/Src/i2c_slave.o
 .debug_macro   0x000197e5       0xe8 ./Core/Src/i2c_slave.o
 .debug_macro   0x000198cd      0x2de ./Core/Src/ir_sensor.o
 .debug_macro   0x00019bab       0xbe ./Core/Src/ir_sensor.o
 .debug_macro   0x00019c69      0x165 ./Core/Src/ism330dhcx.o
 .debug_macro   0x00019dce      0x126 ./Core/Src/ism330dhcx_reg.o
 .debug_macro   0x00019ef4      0x3be ./Core/Src/main.o
 .debug_macro   0x0001a2b2      0x12b ./Core/Src/main.o
 .debug_macro   0x0001a3dd      0x396 ./Core/Src/protocol.o
 .debug_macro   0x0001a773      0x207 ./Core/Src/rtc.o
 .debug_macro   0x0001a97a      0x126 ./Core/Src/sths34pf80_reg.o
 .debug_macro   0x0001aaa0      0x203 ./Core/Src/stm32u0xx_hal_msp.o
 .debug_macro   0x0001aca3      0x20d ./Core/Src/stm32u0xx_it.o
 .debug_macro   0x0001aeb0      0x200 ./Core/Src/system_stm32u0xx.o
 .debug_macro   0x0001b0b0      0x212 ./Core/Src/ublox.o
 .debug_macro   0x0001b2c2      0x212 ./Drivers/STM32U0xx_HAL_Driver/stm32u0xx_hal.o
 .debug_macro   0x0001b4d4      0x1f4 ./Drivers/STM32U0xx_HAL_Driver/stm32u0xx_hal_cortex.o
 .debug_macro   0x0001b6c8      0x1f4 ./Drivers/STM32U0xx_HAL_Driver/stm32u0xx_hal_dma.o
 .debug_macro   0x0001b8bc      0x1f4 ./Drivers/STM32U0xx_HAL_Driver/stm32u0xx_hal_flash.o
 .debug_macro   0x0001bab0      0x1fa ./Drivers/STM32U0xx_HAL_Driver/stm32u0xx_hal_gpio.o
 .debug_macro   0x0001bcaa      0x2c0 ./Drivers/STM32U0xx_HAL_Driver/stm32u0xx_hal_i2c.o
 .debug_macro   0x0001bf6a      0x1f4 ./Drivers/STM32U0xx_HAL_Driver/stm32u0xx_hal_i2c_ex.o
 .debug_macro   0x0001c15e      0x21e ./Drivers/STM32U0xx_HAL_Driver/stm32u0xx_hal_pwr_ex.o
 .debug_macro   0x0001c37c      0x224 ./Drivers/STM32U0xx_HAL_Driver/stm32u0xx_hal_rcc.o
 .debug_macro   0x0001c5a0      0x206 ./Drivers/STM32U0xx_HAL_Driver/stm32u0xx_hal_rcc_ex.o
 .debug_macro   0x0001c7a6      0x1f5 ./Drivers/STM32U0xx_HAL_Driver/stm32u0xx_hal_rtc.o
 .debug_macro   0x0001c99b      0x1fa ./Drivers/STM32U0xx_HAL_Driver/stm32u0xx_hal_rtc_ex.o
 .debug_macro   0x0001cb95      0x21f ./Drivers/STM32U0xx_HAL_Driver/stm32u0xx_hal_uart.o
 .debug_macro   0x0001cdb4      0x200 ./Drivers/STM32U0xx_HAL_Driver/stm32u0xx_hal_uart_ex.o

.debug_line     0x00000000    0x22258
 .debug_line    0x00000000      0xb92 ./Core/Src/acc_sensor.o
 .debug_line    0x00000b92      0xb72 ./Core/Src/bq2568.o
 .debug_line    0x00001704      0xb52 ./Core/Src/i2c_slave.o
 .debug_line    0x00002256      0xbb8 ./Core/Src/ir_sensor.o
 .debug_line    0x00002e0e     0x25c7 ./Core/Src/ism330dhcx.o
 .debug_line    0x000053d5     0x4c41 ./Core/Src/ism330dhcx_reg.o
 .debug_line    0x0000a016      0xebf ./Core/Src/main.o
 .debug_line    0x0000aed5      0xd24 ./Core/Src/protocol.o
 .debug_line    0x0000bbf9      0x8dc ./Core/Src/rtc.o
 .debug_line    0x0000c4d5     0x1569 ./Core/Src/sths34pf80_reg.o
 .debug_line    0x0000da3e      0xa1e ./Core/Src/stm32u0xx_hal_msp.o
 .debug_line    0x0000e45c      0x962 ./Core/Src/stm32u0xx_it.o
 .debug_line    0x0000edbe      0x95b ./Core/Src/system_stm32u0xx.o
 .debug_line    0x0000f719      0x9e1 ./Core/Src/ublox.o
 .debug_line    0x000100fa       0x7b ./Core/Startup/startup_stm32u031c8ux.o
 .debug_line    0x00010175      0xc8b ./Drivers/STM32U0xx_HAL_Driver/stm32u0xx_hal.o
 .debug_line    0x00010e00      0xd09 ./Drivers/STM32U0xx_HAL_Driver/stm32u0xx_hal_cortex.o
 .debug_line    0x00011b09      0xee4 ./Drivers/STM32U0xx_HAL_Driver/stm32u0xx_hal_dma.o
 .debug_line    0x000129ed      0xbf6 ./Drivers/STM32U0xx_HAL_Driver/stm32u0xx_hal_flash.o
 .debug_line    0x000135e3      0xcd5 ./Drivers/STM32U0xx_HAL_Driver/stm32u0xx_hal_gpio.o
 .debug_line    0x000142b8     0x377f ./Drivers/STM32U0xx_HAL_Driver/stm32u0xx_hal_i2c.o
 .debug_line    0x00017a37      0xa44 ./Drivers/STM32U0xx_HAL_Driver/stm32u0xx_hal_i2c_ex.o
 .debug_line    0x0001847b      0xd45 ./Drivers/STM32U0xx_HAL_Driver/stm32u0xx_hal_pwr_ex.o
 .debug_line    0x000191c0     0x11c1 ./Drivers/STM32U0xx_HAL_Driver/stm32u0xx_hal_rcc.o
 .debug_line    0x0001a381     0x11da ./Drivers/STM32U0xx_HAL_Driver/stm32u0xx_hal_rcc_ex.o
 .debug_line    0x0001b55b     0x1193 ./Drivers/STM32U0xx_HAL_Driver/stm32u0xx_hal_rtc.o
 .debug_line    0x0001c6ee     0x146c ./Drivers/STM32U0xx_HAL_Driver/stm32u0xx_hal_rtc_ex.o
 .debug_line    0x0001db5a     0x3867 ./Drivers/STM32U0xx_HAL_Driver/stm32u0xx_hal_uart.o
 .debug_line    0x000213c1      0xe97 ./Drivers/STM32U0xx_HAL_Driver/stm32u0xx_hal_uart_ex.o

.debug_str      0x00000000    0xb3da9
 .debug_str     0x00000000    0xb3da9 ./Core/Src/acc_sensor.o
                              0xa55a1 (size before relaxing)
 .debug_str     0x000b3da9    0x9ff5a ./Core/Src/bq2568.o
 .debug_str     0x000b3da9    0xa5d83 ./Core/Src/i2c_slave.o
 .debug_str     0x000b3da9    0xa3d78 ./Core/Src/ir_sensor.o
 .debug_str     0x000b3da9     0xdb77 ./Core/Src/ism330dhcx.o
 .debug_str     0x000b3da9     0xf977 ./Core/Src/ism330dhcx_reg.o
 .debug_str     0x000b3da9    0xa6ae6 ./Core/Src/main.o
 .debug_str     0x000b3da9    0xa5c1d ./Core/Src/protocol.o
 .debug_str     0x000b3da9    0x9f2fb ./Core/Src/rtc.o
 .debug_str     0x000b3da9     0x8f6e ./Core/Src/sths34pf80_reg.o
 .debug_str     0x000b3da9    0xa01ee ./Core/Src/stm32u0xx_hal_msp.o
 .debug_str     0x000b3da9    0x9faf2 ./Core/Src/stm32u0xx_it.o
 .debug_str     0x000b3da9    0x9f226 ./Core/Src/system_stm32u0xx.o
 .debug_str     0x000b3da9    0x9f7bd ./Core/Src/ublox.o
 .debug_str     0x000b3da9       0x7b ./Core/Startup/startup_stm32u031c8ux.o
 .debug_str     0x000b3da9    0x9f8e0 ./Drivers/STM32U0xx_HAL_Driver/stm32u0xx_hal.o
 .debug_str     0x000b3da9    0x9f5c0 ./Drivers/STM32U0xx_HAL_Driver/stm32u0xx_hal_cortex.o
 .debug_str     0x000b3da9    0x9f57e ./Drivers/STM32U0xx_HAL_Driver/stm32u0xx_hal_dma.o
 .debug_str     0x000b3da9    0x9f36e ./Drivers/STM32U0xx_HAL_Driver/stm32u0xx_hal_flash.o
 .debug_str     0x000b3da9    0x9f219 ./Drivers/STM32U0xx_HAL_Driver/stm32u0xx_hal_gpio.o
 .debug_str     0x000b3da9    0xa04aa ./Drivers/STM32U0xx_HAL_Driver/stm32u0xx_hal_i2c.o
 .debug_str     0x000b3da9    0x9f621 ./Drivers/STM32U0xx_HAL_Driver/stm32u0xx_hal_i2c_ex.o
 .debug_str     0x000b3da9    0x9f5db ./Drivers/STM32U0xx_HAL_Driver/stm32u0xx_hal_pwr_ex.o
 .debug_str     0x000b3da9    0x9f8f4 ./Drivers/STM32U0xx_HAL_Driver/stm32u0xx_hal_rcc.o
 .debug_str     0x000b3da9    0x9f788 ./Drivers/STM32U0xx_HAL_Driver/stm32u0xx_hal_rcc_ex.o
 .debug_str     0x000b3da9    0x9f5ff ./Drivers/STM32U0xx_HAL_Driver/stm32u0xx_hal_rtc.o
 .debug_str     0x000b3da9    0x9fb89 ./Drivers/STM32U0xx_HAL_Driver/stm32u0xx_hal_rtc_ex.o
 .debug_str     0x000b3da9    0x9ff54 ./Drivers/STM32U0xx_HAL_Driver/stm32u0xx_hal_uart.o