../Core/Src/bq2568.c:8:19:BQ25638_WriteReg	32	static
../Core/Src/bq2568.c:13:19:BQ25638_ReadReg	32	static
../Core/Src/bq2568.c:18:19:BQ25638_ReadReg16	56	static
../Core/Src/bq2568.c:30:19:BQ25638_EnableCharging	16	static
../Core/Src/bq2568.c:39:19:BQ25638_SetTsIgnore	24	static
../Core/Src/bq2568.c:47:19:BQ25638_EnableAdc	24	static
../Core/Src/bq2568.c:57:19:BQ25638_SetChargeCurrent	24	static
../Core/Src/bq2568.c:66:19:BQ25638_SetChargeVoltage	24	static
../Core/Src/bq2568.c:75:19:BQ25638_SetTerminationCurrent	24	static
../Core/Src/bq2568.c:85:18:BQ25638_GetStatus	32	static
../Core/Src/bq2568.c:125:9:BQ25638_GetChargeStatus	16	static
../Core/Src/bq2568.c:132:9:BQ25638_GetFault	16	static
../Core/Src/bq2568.c:141:6:BQ25638_SetCE	16	static
../Core/Src/bq2568.c:146:9:BQ25638_ReadQON	8	static
../Core/Src/bq2568.c:151:9:BQ25638_ReadSTAT	8	static
../Core/Src/bq2568.c:156:9:BQ25638_ReadINT	8	static
../Core/Src/bq2568.c:161:9:BQ25638_ReadPG	8	static
../Core/Src/bq2568.c:168:6:BQ25638_INT_Callback	8	static
../Core/Src/bq2568.c:184:19:BQ25638_Init	8	static
