../Core/Src/main.c:78:6:HAL_GPIO_EXTI_Rising_Callback	3
../Core/Src/main.c:89:6:SyncRTCWithGPS	3
../Core/Src/main.c:100:6:SomEnable	1
../Core/Src/main.c:107:6:SomDisable	1
../Core/Src/main.c:111:6:somSetInt	1
../Core/Src/main.c:116:9:somGetInt	1
../Core/Src/main.c:120:6:somClearINT	1
../Core/Src/main.c:139:5:main	1
../Core/Src/main.c:205:6:SystemClock_Config	3
../Core/Src/main.c:246:13:MX_FLASH_Init	3
../Core/Src/main.c:275:13:MX_I2C1_Init	4
../Core/Src/main.c:323:13:MX_I2C2_Init	4
../Core/Src/main.c:371:13:MX_I2C3_Init	4
../Core/Src/main.c:419:13:MX_RTC_Init	5
../Core/Src/main.c:503:13:MX_USART3_UART_Init	5
../Core/Src/main.c:551:13:MX_GPIO_Init	1
../Core/Src/main.c:625:5:_write	1
../Core/Src/main.c:636:6:Error_Handler	1
