../Core/Src/sths34pf80_reg.c:71:16:sths34pf80_read_reg	40	static
../Core/Src/sths34pf80_reg.c:97:16:sths34pf80_write_reg	40	static
../Core/Src/sths34pf80_reg.c:132:9:sths34pf80_device_id_get	24	static
../Core/Src/sths34pf80_reg.c:149:9:sths34pf80_avg_tobject_num_set	32	static
../Core/Src/sths34pf80_reg.c:173:9:sths34pf80_avg_tobject_num_get	32	static
../Core/Src/sths34pf80_reg.c:229:9:sths34pf80_avg_tambient_num_set	32	static
../Core/Src/sths34pf80_reg.c:253:9:sths34pf80_avg_tambient_num_get	32	static
../Core/Src/sths34pf80_reg.c:293:9:sths34pf80_gain_mode_set	32	static
../Core/Src/sths34pf80_reg.c:317:9:sths34pf80_gain_mode_get	32	static
../Core/Src/sths34pf80_reg.c:351:9:sths34pf80_tobject_sensitivity_set	32	static
../Core/Src/sths34pf80_reg.c:373:9:sths34pf80_tobject_sensitivity_get	32	static
../Core/Src/sths34pf80_reg.c:392:16:sths34pf80_safe_power_down	40	static
../Core/Src/sths34pf80_reg.c:439:16:sths34pf80_odr_safe_set	32	static
../Core/Src/sths34pf80_reg.c:472:9:sths34pf80_odr_set	40	static
../Core/Src/sths34pf80_reg.c:532:9:sths34pf80_odr_get	32	static
../Core/Src/sths34pf80_reg.c:592:9:sths34pf80_block_data_update_set	32	static
../Core/Src/sths34pf80_reg.c:616:9:sths34pf80_block_data_update_get	32	static
../Core/Src/sths34pf80_reg.c:637:9:sths34pf80_one_shot_set	32	static
../Core/Src/sths34pf80_reg.c:661:9:sths34pf80_one_shot_get	32	static
../Core/Src/sths34pf80_reg.c:693:9:sths34pf80_mem_bank_set	32	static
../Core/Src/sths34pf80_reg.c:717:9:sths34pf80_mem_bank_get	32	static
../Core/Src/sths34pf80_reg.c:749:9:sths34pf80_boot_set	32	static
../Core/Src/sths34pf80_reg.c:773:9:sths34pf80_boot_get	32	static
../Core/Src/sths34pf80_reg.c:792:9:sths34pf80_drdy_status_get	32	static
../Core/Src/sths34pf80_reg.c:812:9:sths34pf80_func_status_get	32	static
../Core/Src/sths34pf80_reg.c:834:9:sths34pf80_tobject_raw_get	32	static
../Core/Src/sths34pf80_reg.c:855:9:sths34pf80_tambient_raw_get	32	static
../Core/Src/sths34pf80_reg.c:876:9:sths34pf80_tobj_comp_raw_get	32	static
../Core/Src/sths34pf80_reg.c:897:9:sths34pf80_tpresence_raw_get	32	static
../Core/Src/sths34pf80_reg.c:918:9:sths34pf80_tmotion_raw_get	32	static
../Core/Src/sths34pf80_reg.c:939:9:sths34pf80_tamb_shock_raw_get	32	static
../Core/Src/sths34pf80_reg.c:971:9:sths34pf80_lpf_m_bandwidth_set	32	static
../Core/Src/sths34pf80_reg.c:995:9:sths34pf80_lpf_m_bandwidth_get	32	static
../Core/Src/sths34pf80_reg.c:1047:9:sths34pf80_lpf_p_m_bandwidth_set	32	static
../Core/Src/sths34pf80_reg.c:1071:9:sths34pf80_lpf_p_m_bandwidth_get	32	static
../Core/Src/sths34pf80_reg.c:1123:9:sths34pf80_lpf_a_t_bandwidth_set	32	static
../Core/Src/sths34pf80_reg.c:1147:9:sths34pf80_lpf_a_t_bandwidth_get	32	static
../Core/Src/sths34pf80_reg.c:1199:9:sths34pf80_lpf_p_bandwidth_set	32	static
../Core/Src/sths34pf80_reg.c:1223:9:sths34pf80_lpf_p_bandwidth_get	32	static
../Core/Src/sths34pf80_reg.c:1286:9:sths34pf80_route_int_set	32	static
../Core/Src/sths34pf80_reg.c:1314:9:sths34pf80_route_int_get	32	static
../Core/Src/sths34pf80_reg.c:1350:9:sths34pf80_int_or_set	32	static
../Core/Src/sths34pf80_reg.c:1374:9:sths34pf80_int_or_get	32	static
../Core/Src/sths34pf80_reg.c:1430:9:sths34pf80_int_mode_set	32	static
../Core/Src/sths34pf80_reg.c:1455:9:sths34pf80_int_mode_get	32	static
../Core/Src/sths34pf80_reg.c:1503:9:sths34pf80_drdy_mode_set	32	static
../Core/Src/sths34pf80_reg.c:1527:9:sths34pf80_drdy_mode_get	32	static
../Core/Src/sths34pf80_reg.c:1572:9:sths34pf80_func_cfg_write	56	static
../Core/Src/sths34pf80_reg.c:1624:9:sths34pf80_func_cfg_read	48	static
../Core/Src/sths34pf80_reg.c:1676:9:sths34pf80_presence_threshold_set	40	static
../Core/Src/sths34pf80_reg.c:1714:9:sths34pf80_presence_threshold_get	32	static
../Core/Src/sths34pf80_reg.c:1735:9:sths34pf80_motion_threshold_set	40	static
../Core/Src/sths34pf80_reg.c:1773:9:sths34pf80_motion_threshold_get	32	static
../Core/Src/sths34pf80_reg.c:1794:9:sths34pf80_tambient_shock_threshold_set	40	static
../Core/Src/sths34pf80_reg.c:1832:9:sths34pf80_tambient_shock_threshold_get	32	static
../Core/Src/sths34pf80_reg.c:1853:9:sths34pf80_motion_hysteresis_set	32	static
../Core/Src/sths34pf80_reg.c:1882:9:sths34pf80_motion_hysteresis_get	24	static
../Core/Src/sths34pf80_reg.c:1899:9:sths34pf80_presence_hysteresis_set	32	static
../Core/Src/sths34pf80_reg.c:1928:9:sths34pf80_presence_hysteresis_get	24	static
../Core/Src/sths34pf80_reg.c:1945:9:sths34pf80_tambient_shock_hysteresis_set	32	static
../Core/Src/sths34pf80_reg.c:1974:9:sths34pf80_tambient_shock_hysteresis_get	24	static
../Core/Src/sths34pf80_reg.c:1991:16:sths34pf80_algo_config_set	24	static
../Core/Src/sths34pf80_reg.c:2010:16:sths34pf80_algo_config_get	32	static
../Core/Src/sths34pf80_reg.c:2031:9:sths34pf80_tobject_algo_compensation_set	40	static
../Core/Src/sths34pf80_reg.c:2066:9:sths34pf80_tobject_algo_compensation_get	32	static
../Core/Src/sths34pf80_reg.c:2085:9:sths34pf80_presence_abs_value_set	40	static
../Core/Src/sths34pf80_reg.c:2120:9:sths34pf80_presence_abs_value_get	32	static
../Core/Src/sths34pf80_reg.c:2139:9:sths34pf80_int_or_pulsed_set	32	static
../Core/Src/sths34pf80_reg.c:2159:9:sths34pf80_int_or_pulsed_get	32	static
../Core/Src/sths34pf80_reg.c:2173:16:sths34pf80_reset_algo_bit_set	40	static
../Core/Src/sths34pf80_reg.c:2211:9:sths34pf80_algo_reset	32	static
